# job=008_expB_pilot exit=1 duration_s=697 host=stone-ye-PC finished=2026-09-09T06:26:23-04:00
# (last 4000 lines; full log: runner/logs/008_expB_pilot.full.log on stone-ye-PC)
         SAO ..................................................  K=0
       Early ###############...................................  K=15
         Mid ..................###############.................  K=15
        Late ...................................###############  K=15
     Uniform #...#..#..#...#...#..#..#...#...#..#..#...#...#..#  K=15
  MLSP-fixed ....................#.#.#.#.#.#.#.#.#.#.#.#.#.#.#.  K=15
RAPG-cal(F1) ...................................###############  K=15
RAPG-cal(dC) ...................###############................  K=15
     RAPG-on online: R_t >= 0.310, cap 15
TopK(dC)-const ...................###############................  K=15
Loading pipeline components...:   0%|          | 0/6 [00:00<?, ?it/s]Loading pipeline components...:  33%|███▎      | 2/6 [00:00<00:00,  8.49it/s]/home/stoneyey/anaconda3/envs/mic/lib/python3.10/site-packages/torch/nn/utils/weight_norm.py:144: FutureWarning: `torch.nn.utils.weight_norm` is deprecated in favor of `torch.nn.utils.parametrizations.weight_norm`.
  WeightNorm.apply(module, name, dim)
Loading pipeline components...:  67%|██████▋   | 4/6 [00:00<00:00,  8.80it/s]
Loading weights:   0%|          | 0/99 [00:00<?, ?it/s][ALoading weights: 100%|██████████| 99/99 [00:00<00:00, 6231.31it/s]
Loading pipeline components...: 100%|██████████| 6/6 [00:00<00:00, 12.00it/s]
Loading weights:   0%|          | 0/447 [00:00<?, ?it/s]Loading weights: 100%|██████████| 447/447 [00:00<00:00, 23527.43it/s]
[evalclip] CLAP loaded: laion/clap-htsat-unfused on cuda:0
split=test trials=15 methods=['sao', 'early', 'mid', 'late', 'uniform', 'mlsp', 'rapg_cal_f1', 'rapg_cal_dc', 'rapg_on', 'topk_dc_const'] -> 150 runs (0 done)
/home/stoneyey/anaconda3/envs/mic/lib/python3.10/site-packages/torchsde/_brownian/brownian_interval.py:608: UserWarning: Should have tb<=t1 but got tb=500.00006103515625 and t1=500.0.
  warnings.warn(f"Should have {tb_name}<=t1 but got {tb_name}={tb} and t1={self._end}.")
/home/stoneyey/anaconda3/envs/mic/lib/python3.10/site-packages/torchsde/_brownian/brownian_interval.py:599: UserWarning: Should have ta>=t0 but got ta=0.29999998211860657 and t0=0.3.
  warnings.warn(f"Should have ta>=t0 but got ta={ta} and t0={self._start}.")
/home/stoneyey/anaconda3/envs/mic/lib/python3.10/site-packages/torchsde/_brownian/brownian_interval.py:599: UserWarning: Should have ta>=t0 but got ta=0.0 and t0=0.3.
  warnings.warn(f"Should have ta>=t0 but got ta={ta} and t0={self._start}.")
/home/stoneyey/anaconda3/envs/mic/lib/python3.10/site-packages/torchsde/_brownian/brownian_interval.py:602: UserWarning: Should have tb>=t0 but got tb=0.29999998211860657 and t0=0.3.
  warnings.warn(f"Should have {tb_name}>=t0 but got {tb_name}={tb} and t0={self._start}.")
/home/stoneyey/anaconda3/envs/mic/lib/python3.10/site-packages/torchsde/_brownian/brownian_interval.py:608: UserWarning: Should have tb<=t1 but got tb=500.00006103515625 and t1=500.0.
  warnings.warn(f"Should have {tb_name}<=t1 but got {tb_name}={tb} and t1={self._end}.")
/home/stoneyey/anaconda3/envs/mic/lib/python3.10/site-packages/torchsde/_brownian/brownian_interval.py:599: UserWarning: Should have ta>=t0 but got ta=0.29999998211860657 and t0=0.3.
  warnings.warn(f"Should have ta>=t0 but got ta={ta} and t0={self._start}.")
/home/stoneyey/anaconda3/envs/mic/lib/python3.10/site-packages/torchsde/_brownian/brownian_interval.py:599: UserWarning: Should have ta>=t0 but got ta=0.0 and t0=0.3.
  warnings.warn(f"Should have ta>=t0 but got ta={ta} and t0={self._start}.")
/home/stoneyey/anaconda3/envs/mic/lib/python3.10/site-packages/torchsde/_brownian/brownian_interval.py:602: UserWarning: Should have tb>=t0 but got tb=0.29999998211860657 and t0=0.3.
  warnings.warn(f"Should have {tb_name}>=t0 but got {tb_name}={tb} and t0={self._start}.")
  20 runs (88s, 4.4s/run)  last: test-p00-descending-s0 topk_dc_const coh=0.557 clap=0.469 upd=15
  40 runs (176s, 4.4s/run)  last: test-p00-pedal-s0 topk_dc_const coh=0.923 clap=0.264 upd=15
  60 runs (264s, 4.4s/run)  last: test-p01-ascending-s0 topk_dc_const coh=0.443 clap=0.431 upd=15
  80 runs (352s, 4.4s/run)  last: test-p01-alternating-s0 topk_dc_const coh=0.356 clap=0.488 upd=15
  100 runs (442s, 4.4s/run)  last: test-p01-zigzag-s0 topk_dc_const coh=0.184 clap=0.504 upd=15
  120 runs (530s, 4.4s/run)  last: test-p02-descending-s0 topk_dc_const coh=0.917 clap=0.187 upd=15
  140 runs (618s, 4.4s/run)  last: test-p02-pedal-s0 topk_dc_const coh=0.926 clap=0.125 upd=15
reference embeddings: (600, 512) from 600 clips
          method   n  fad_clap_maestro  fad_clap_sao
0            sao  15             1.081         0.000
1          early  15             1.009         0.062
2            mid  15             0.995         0.312
3           late  15             1.017         0.157
4        uniform  15             1.024         0.151
5           mlsp  15             1.018         0.209
6    rapg_cal_f1  15             1.012         0.154
7    rapg_cal_dc  15             0.989         0.320
8        rapg_on  15             0.997         0.152
9  topk_dc_const  15             0.985         0.317
Traceback (most recent call last):
  File "/home/stoneyey/w2s/w2s/scripts/expB_windows.py", line 171, in <module>
    main()
  File "/home/stoneyey/w2s/w2s/scripts/expB_windows.py", line 166, in main
    aggregate(RES)
  File "/home/stoneyey/w2s/w2s/scripts/aggregate_expB.py", line 42, in aggregate
    print(tab[show].round(3).to_string())
  File "/home/stoneyey/anaconda3/envs/mic/lib/python3.10/site-packages/pandas/core/frame.py", line 4119, in __getitem__
    indexer = self.columns._get_indexer_strict(key, "columns")[1]
  File "/home/stoneyey/anaconda3/envs/mic/lib/python3.10/site-packages/pandas/core/indexes/base.py", line 6212, in _get_indexer_strict
    self._raise_if_missing(keyarr, indexer, axis_name)
  File "/home/stoneyey/anaconda3/envs/mic/lib/python3.10/site-packages/pandas/core/indexes/base.py", line 6264, in _raise_if_missing
    raise KeyError(f"{not_found} not in index")
KeyError: "['n'] not in index"
