# job=011_expD_budget exit=0 duration_s=3478 host=stone-ye-PC finished=2026-09-09T12:08:31-04:00
# (last 4000 lines; full log: runner/logs/011_expD_budget.full.log on stone-ye-PC)
Couldn't connect to the Hub: [Errno 101] Network is unreachable.
Will try to load from local cache.
Loading pipeline components...:   0%|          | 0/6 [00:00<?, ?it/s]
Loading weights:   0%|          | 0/99 [00:00<?, ?it/s][ALoading weights: 100%|██████████| 99/99 [00:00<00:00, 4861.96it/s]
Loading pipeline components...:  67%|██████▋   | 4/6 [00:00<00:00, 35.20it/s]/home/stoneyey/anaconda3/envs/mic/lib/python3.10/site-packages/torch/nn/utils/weight_norm.py:144: FutureWarning: `torch.nn.utils.weight_norm` is deprecated in favor of `torch.nn.utils.parametrizations.weight_norm`.
  WeightNorm.apply(module, name, dim)
Loading pipeline components...: 100%|██████████| 6/6 [00:00<00:00,  6.54it/s]
'[Errno 101] Network is unreachable' thrown while requesting HEAD https://huggingface.co/laion/clap-htsat-unfused/resolve/main/model.safetensors
Retrying in 1s [Retry 1/5].
[evalclip] CLAP unavailable (OSError: Can't load the model for 'laion/clap-htsat-unfused'. If you were trying to load it from 'https://huggingface.co/models', make sure you don't have a local directory with the same name. Otherwise, make sure 'laion/clap-htsat-unfused' is the correct path to a directory containing a file named pytorch_model.bin.); clap scores will be NaN
50 trials x 4 K x 3 methods
/home/stoneyey/anaconda3/envs/mic/lib/python3.10/site-packages/torchsde/_brownian/brownian_interval.py:608: UserWarning: Should have tb<=t1 but got tb=500.00006103515625 and t1=500.0.
  warnings.warn(f"Should have {tb_name}<=t1 but got {tb_name}={tb} and t1={self._end}.")
/home/stoneyey/anaconda3/envs/mic/lib/python3.10/site-packages/torchsde/_brownian/brownian_interval.py:599: UserWarning: Should have ta>=t0 but got ta=0.29999998211860657 and t0=0.3.
  warnings.warn(f"Should have ta>=t0 but got ta={ta} and t0={self._start}.")
/home/stoneyey/anaconda3/envs/mic/lib/python3.10/site-packages/torchsde/_brownian/brownian_interval.py:599: UserWarning: Should have ta>=t0 but got ta=0.0 and t0=0.3.
  warnings.warn(f"Should have ta>=t0 but got ta={ta} and t0={self._start}.")
/home/stoneyey/anaconda3/envs/mic/lib/python3.10/site-packages/torchsde/_brownian/brownian_interval.py:602: UserWarning: Should have tb>=t0 but got tb=0.29999998211860657 and t0=0.3.
  warnings.warn(f"Should have {tb_name}>=t0 but got {tb_name}={tb} and t0={self._start}.")
/home/stoneyey/anaconda3/envs/mic/lib/python3.10/site-packages/torchsde/_brownian/brownian_interval.py:608: UserWarning: Should have tb<=t1 but got tb=500.00006103515625 and t1=500.0.
  warnings.warn(f"Should have {tb_name}<=t1 but got {tb_name}={tb} and t1={self._end}.")
/home/stoneyey/anaconda3/envs/mic/lib/python3.10/site-packages/torchsde/_brownian/brownian_interval.py:599: UserWarning: Should have ta>=t0 but got ta=0.29999998211860657 and t0=0.3.
  warnings.warn(f"Should have ta>=t0 but got ta={ta} and t0={self._start}.")
/home/stoneyey/anaconda3/envs/mic/lib/python3.10/site-packages/torchsde/_brownian/brownian_interval.py:599: UserWarning: Should have ta>=t0 but got ta=0.0 and t0=0.3.
  warnings.warn(f"Should have ta>=t0 but got ta={ta} and t0={self._start}.")
/home/stoneyey/anaconda3/envs/mic/lib/python3.10/site-packages/torchsde/_brownian/brownian_interval.py:602: UserWarning: Should have tb>=t0 but got tb=0.29999998211860657 and t0=0.3.
  warnings.warn(f"Should have {tb_name}>=t0 but got {tb_name}={tb} and t0={self._start}.")
  25 runs 108s last uniform_K5 coh=0.353 clap=nan
  50 runs 216s last late_K5 coh=0.198 clap=nan
  75 runs 324s last rapg_cal_dc_K5 coh=0.000 clap=nan
  100 runs 432s last uniform_K5 coh=0.510 clap=nan
  125 runs 541s last late_K5 coh=0.056 clap=nan
  150 runs 649s last rapg_cal_dc_K5 coh=0.096 clap=nan
  175 runs 757s last uniform_K10 coh=0.461 clap=nan
  200 runs 865s last late_K10 coh=0.209 clap=nan
  225 runs 974s last rapg_cal_dc_K10 coh=0.079 clap=nan
  250 runs 1082s last uniform_K10 coh=0.623 clap=nan
  275 runs 1190s last late_K10 coh=0.000 clap=nan
  300 runs 1298s last rapg_cal_dc_K10 coh=0.127 clap=nan
  325 runs 1407s last uniform_K15 coh=0.487 clap=nan
  350 runs 1515s last late_K15 coh=0.207 clap=nan
  375 runs 1624s last rapg_cal_dc_K15 coh=0.121 clap=nan
  400 runs 1732s last uniform_K15 coh=0.877 clap=nan
  425 runs 1841s last late_K15 coh=0.314 clap=nan
  450 runs 1949s last rapg_cal_dc_K15 coh=0.130 clap=nan
  475 runs 2059s last uniform_K25 coh=0.589 clap=nan
  500 runs 2167s last late_K25 coh=0.234 clap=nan
  525 runs 2275s last rapg_cal_dc_K25 coh=0.154 clap=nan
  550 runs 2384s last uniform_K25 coh=0.913 clap=nan
  575 runs 2492s last late_K25 coh=0.485 clap=nan
  600 runs 2600s last rapg_cal_dc_K25 coh=0.117 clap=nan
         method   K    coh  coh_sd  clap  chroma   n
0          late   5  0.166   0.129   NaN   0.323  50
1          late  10  0.238   0.153   NaN   0.409  50
2          late  15  0.365   0.200   NaN   0.505  50
3          late  25  0.569   0.229   NaN   0.683  50
4   rapg_cal_dc   5  0.180   0.145   NaN   0.328  50
5   rapg_cal_dc  10  0.233   0.170   NaN   0.397  50
6   rapg_cal_dc  15  0.279   0.176   NaN   0.441  50
7   rapg_cal_dc  25  0.357   0.210   NaN   0.515  50
8       uniform   5  0.162   0.126   NaN   0.322  50
9       uniform  10  0.241   0.185   NaN   0.401  50
10      uniform  15  0.300   0.189   NaN   0.467  50
11      uniform  25  0.401   0.214   NaN   0.567  50
done 600 new runs in 2600s
