# job=012_collect_demo exit=0 duration_s=30 host=stone-ye-PC finished=2026-09-09T12:09:05-04:00
# (last 4000 lines; full log: runner/logs/012_collect_demo.full.log on stone-ye-PC)
ffmpeg failed: [Errno 2] No such file or directory: 'ffmpeg'
ffmpeg failed: [Errno 2] No such file or directory: 'ffmpeg'
ffmpeg failed: [Errno 2] No such file or directory: 'ffmpeg'
ffmpeg failed: [Errno 2] No such file or directory: 'ffmpeg'
test-p00-ascending-s0: []
ffmpeg failed: [Errno 2] No such file or directory: 'ffmpeg'
ffmpeg failed: [Errno 2] No such file or directory: 'ffmpeg'
ffmpeg failed: [Errno 2] No such file or directory: 'ffmpeg'
ffmpeg failed: [Errno 2] No such file or directory: 'ffmpeg'
test-p02-alternating-s0: []
ffmpeg failed: [Errno 2] No such file or directory: 'ffmpeg'
ffmpeg failed: [Errno 2] No such file or directory: 'ffmpeg'
ffmpeg failed: [Errno 2] No such file or directory: 'ffmpeg'
ffmpeg failed: [Errno 2] No such file or directory: 'ffmpeg'
test-p04-pedal-s0: []
ffmpeg failed: [Errno 2] No such file or directory: 'ffmpeg'
ffmpeg failed: [Errno 2] No such file or directory: 'ffmpeg'
ffmpeg failed: [Errno 2] No such file or directory: 'ffmpeg'
ffmpeg failed: [Errno 2] No such file or directory: 'ffmpeg'
test-p06-zigzag-s0: []
ffmpeg failed: [Errno 2] No such file or directory: 'ffmpeg'
ffmpeg failed: [Errno 2] No such file or directory: 'ffmpeg'
ffmpeg failed: [Errno 2] No such file or directory: 'ffmpeg'
ffmpeg failed: [Errno 2] No such file or directory: 'ffmpeg'
test-p10-descending-s0: []
ffmpeg failed: [Errno 2] No such file or directory: 'ffmpeg'
ffmpeg failed: [Errno 2] No such file or directory: 'ffmpeg'
ffmpeg failed: [Errno 2] No such file or directory: 'ffmpeg'
ffmpeg failed: [Errno 2] No such file or directory: 'ffmpeg'
test-p12-ascending-s0: []
wrote 6 items, 0 mp3s
