# job=014_expD_budget_v2 exit=0 duration_s=1781 host=stone-ye-PC finished=2026-09-09T12:47:31-04:00
# (last 4000 lines; full log: runner/logs/014_expD_budget_v2.full.log on stone-ye-PC)
Loading pipeline components...:   0%|          | 0/6 [00:00<?, ?it/s]Loading pipeline components...:  33%|███▎      | 2/6 [00:00<00:00,  6.91it/s]/home/stoneyey/anaconda3/envs/mic/lib/python3.10/site-packages/torch/nn/utils/weight_norm.py:144: FutureWarning: `torch.nn.utils.weight_norm` is deprecated in favor of `torch.nn.utils.parametrizations.weight_norm`.
  WeightNorm.apply(module, name, dim)
Loading pipeline components...:  67%|██████▋   | 4/6 [00:00<00:00, 10.01it/s]
Loading weights:   0%|          | 0/99 [00:00<?, ?it/s][ALoading weights: 100%|██████████| 99/99 [00:00<00:00, 6057.60it/s]
Loading pipeline components...: 100%|██████████| 6/6 [00:00<00:00, 12.08it/s]Loading pipeline components...: 100%|██████████| 6/6 [00:00<00:00, 10.88it/s]
Loading weights:   0%|          | 0/447 [00:00<?, ?it/s]Loading weights: 100%|██████████| 447/447 [00:00<00:00, 19256.92it/s]
[evalclip] CLAP loaded: laion/clap-htsat-unfused on cuda:0
50 trials x 4 K x 2 methods (uniform vs TopK-dC, constant lambda)
/home/stoneyey/anaconda3/envs/mic/lib/python3.10/site-packages/torchsde/_brownian/brownian_interval.py:608: UserWarning: Should have tb<=t1 but got tb=500.00006103515625 and t1=500.0.
  warnings.warn(f"Should have {tb_name}<=t1 but got {tb_name}={tb} and t1={self._end}.")
/home/stoneyey/anaconda3/envs/mic/lib/python3.10/site-packages/torchsde/_brownian/brownian_interval.py:599: UserWarning: Should have ta>=t0 but got ta=0.29999998211860657 and t0=0.3.
  warnings.warn(f"Should have ta>=t0 but got ta={ta} and t0={self._start}.")
/home/stoneyey/anaconda3/envs/mic/lib/python3.10/site-packages/torchsde/_brownian/brownian_interval.py:599: UserWarning: Should have ta>=t0 but got ta=0.0 and t0=0.3.
  warnings.warn(f"Should have ta>=t0 but got ta={ta} and t0={self._start}.")
/home/stoneyey/anaconda3/envs/mic/lib/python3.10/site-packages/torchsde/_brownian/brownian_interval.py:602: UserWarning: Should have tb>=t0 but got tb=0.29999998211860657 and t0=0.3.
  warnings.warn(f"Should have {tb_name}>=t0 but got {tb_name}={tb} and t0={self._start}.")
/home/stoneyey/anaconda3/envs/mic/lib/python3.10/site-packages/torchsde/_brownian/brownian_interval.py:608: UserWarning: Should have tb<=t1 but got tb=500.00006103515625 and t1=500.0.
  warnings.warn(f"Should have {tb_name}<=t1 but got {tb_name}={tb} and t1={self._end}.")
/home/stoneyey/anaconda3/envs/mic/lib/python3.10/site-packages/torchsde/_brownian/brownian_interval.py:599: UserWarning: Should have ta>=t0 but got ta=0.29999998211860657 and t0=0.3.
  warnings.warn(f"Should have ta>=t0 but got ta={ta} and t0={self._start}.")
/home/stoneyey/anaconda3/envs/mic/lib/python3.10/site-packages/torchsde/_brownian/brownian_interval.py:599: UserWarning: Should have ta>=t0 but got ta=0.0 and t0=0.3.
  warnings.warn(f"Should have ta>=t0 but got ta={ta} and t0={self._start}.")
/home/stoneyey/anaconda3/envs/mic/lib/python3.10/site-packages/torchsde/_brownian/brownian_interval.py:602: UserWarning: Should have tb>=t0 but got tb=0.29999998211860657 and t0=0.3.
  warnings.warn(f"Should have {tb_name}>=t0 but got {tb_name}={tb} and t0={self._start}.")
  25 runs 109s last uniform_K5 coh=0.050 clap=0.310
  50 runs 219s last topk_dc_K5 coh=0.077 clap=0.346
  75 runs 329s last uniform_K5 coh=0.014 clap=0.200
  100 runs 438s last topk_dc_K5 coh=0.128 clap=0.321
  125 runs 547s last uniform_K10 coh=0.158 clap=0.285
  150 runs 656s last topk_dc_K10 coh=0.109 clap=0.352
  175 runs 766s last uniform_K10 coh=0.414 clap=0.307
  200 runs 876s last topk_dc_K10 coh=0.259 clap=0.361
  225 runs 986s last uniform_K15 coh=0.200 clap=0.232
  250 runs 1096s last topk_dc_K15 coh=0.274 clap=0.468
  275 runs 1206s last uniform_K15 coh=0.438 clap=0.342
  300 runs 1316s last topk_dc_K15 coh=0.259 clap=0.380
  325 runs 1426s last uniform_K25 coh=0.235 clap=0.236
  350 runs 1537s last topk_dc_K25 coh=0.373 clap=0.517
  375 runs 1647s last uniform_K25 coh=0.415 clap=0.384
  400 runs 1758s last topk_dc_K25 coh=0.402 clap=0.459
    method   K    coh  coh_sd   clap  chroma   n
0  topk_dc   5  0.258   0.199  0.357   0.409  50
1  topk_dc  10  0.378   0.218  0.362   0.514  50
2  topk_dc  15  0.480   0.253  0.368   0.600  50
3  topk_dc  25  0.560   0.254  0.373   0.673  50
4  uniform   5  0.162   0.126  0.351   0.322  50
5  uniform  10  0.241   0.185  0.361   0.401  50
6  uniform  15  0.300   0.189  0.357   0.467  50
7  uniform  25  0.400   0.213  0.352   0.567  50
done 400 new runs in 1758s
