# job=021_sa3_expB exit=0 duration_s=1087 host=stone-ye-PC finished=2026-09-16T20:18:37-04:00
# (last 4000 lines; full log: runner/logs/021_sa3_expB.full.log on stone-ye-PC)
         SAO ..................................................  K=0
       Early ###############...................................  K=15
         Mid ..................###############.................  K=15
        Late ...................................###############  K=15
     Uniform #...#..#..#...#...#..#..#...#...#..#..#...#...#..#  K=15
  MLSP-fixed ....................#.#.#.#.#.#.#.#.#.#.#.#.#.#.#.  K=15
RAPG-cal(dC) ....###############...............................  K=15
TopK(dC)-const ....###############...............................  K=15
No module named 'flash_attn'
flash_attn not installed, disabling Flash Attention
No module named 'flash_attn'
flash_attn varlen/bert_padding not available, disabling varlen attention
/home/stoneyey/anaconda3/envs/stablenew/lib/python3.11/site-packages/lightning_fabric/__init__.py:40: pkg_resources is deprecated as an API. See https://setuptools.pypa.io/en/latest/pkg_resources.html. The pkg_resources package is slated for removal as early as 2025-11-30. Refrain from using this package or pin to Setuptools<81.
/home/stoneyey/anaconda3/envs/stablenew/lib/python3.11/site-packages/torch/nn/utils/weight_norm.py:144: FutureWarning: `torch.nn.utils.weight_norm` is deprecated in favor of `torch.nn.utils.parametrizations.weight_norm`.
  WeightNorm.apply(module, name, dim)
split=test trials=50 methods=['sao', 'early', 'mid', 'late', 'uniform', 'mlsp', 'rapg_cal_dc', 'topk_dc_const'] -> 400 runs (0 done)
W0916 20:00:43.715000 3410711 site-packages/torch/_dynamo/convert_frame.py:1339] WON'T CONVERT flex_attention /home/stoneyey/anaconda3/envs/stablenew/lib/python3.11/site-packages/torch/nn/attention/flex_attention.py line 1234 
W0916 20:00:43.715000 3410711 site-packages/torch/_dynamo/convert_frame.py:1339] due to: 
W0916 20:00:43.715000 3410711 site-packages/torch/_dynamo/convert_frame.py:1339] Traceback (most recent call last):
W0916 20:00:43.715000 3410711 site-packages/torch/_dynamo/convert_frame.py:1339]   File "/home/stoneyey/anaconda3/envs/stablenew/lib/python3.11/site-packages/torch/_dynamo/convert_frame.py", line 1272, in __call__
W0916 20:00:43.715000 3410711 site-packages/torch/_dynamo/convert_frame.py:1339]     result = self._inner_convert(
W0916 20:00:43.715000 3410711 site-packages/torch/_dynamo/convert_frame.py:1339]              ^^^^^^^^^^^^^^^^^^^^
W0916 20:00:43.715000 3410711 site-packages/torch/_dynamo/convert_frame.py:1339]   File "/home/stoneyey/anaconda3/envs/stablenew/lib/python3.11/site-packages/torch/_dynamo/convert_frame.py", line 629, in __call__
W0916 20:00:43.715000 3410711 site-packages/torch/_dynamo/convert_frame.py:1339]     return _compile(
W0916 20:00:43.715000 3410711 site-packages/torch/_dynamo/convert_frame.py:1339]            ^^^^^^^^^
W0916 20:00:43.715000 3410711 site-packages/torch/_dynamo/convert_frame.py:1339]   File "/home/stoneyey/anaconda3/envs/stablenew/lib/python3.11/site-packages/torch/_dynamo/convert_frame.py", line 1111, in _compile
W0916 20:00:43.715000 3410711 site-packages/torch/_dynamo/convert_frame.py:1339]     guarded_code = compile_inner(code, one_graph, hooks, transform)
W0916 20:00:43.715000 3410711 site-packages/torch/_dynamo/convert_frame.py:1339]                    ^^^^^^^^^^^^^^^^^^^^^^^^^^^^^^^^^^^^^^^^^^^^^^^^
W0916 20:00:43.715000 3410711 site-packages/torch/_dynamo/convert_frame.py:1339]   File "/home/stoneyey/anaconda3/envs/stablenew/lib/python3.11/site-packages/torch/_utils_internal.py", line 97, in wrapper_function
W0916 20:00:43.715000 3410711 site-packages/torch/_dynamo/convert_frame.py:1339]     return function(*args, **kwargs)
W0916 20:00:43.715000 3410711 site-packages/torch/_dynamo/convert_frame.py:1339]            ^^^^^^^^^^^^^^^^^^^^^^^^^
W0916 20:00:43.715000 3410711 site-packages/torch/_dynamo/convert_frame.py:1339]   File "/home/stoneyey/anaconda3/envs/stablenew/lib/python3.11/site-packages/torch/_dynamo/convert_frame.py", line 793, in compile_inner
W0916 20:00:43.715000 3410711 site-packages/torch/_dynamo/convert_frame.py:1339]     return _compile_inner(code, one_graph, hooks, transform)
W0916 20:00:43.715000 3410711 site-packages/torch/_dynamo/convert_frame.py:1339]            ^^^^^^^^^^^^^^^^^^^^^^^^^^^^^^^^^^^^^^^^^^^^^^^^^
W0916 20:00:43.715000 3410711 site-packages/torch/_dynamo/convert_frame.py:1339]   File "/home/stoneyey/anaconda3/envs/stablenew/lib/python3.11/site-packages/torch/_dynamo/convert_frame.py", line 832, in _compile_inner
W0916 20:00:43.715000 3410711 site-packages/torch/_dynamo/convert_frame.py:1339]     out_code = transform_code_object(code, transform)
W0916 20:00:43.715000 3410711 site-packages/torch/_dynamo/convert_frame.py:1339]                ^^^^^^^^^^^^^^^^^^^^^^^^^^^^^^^^^^^^^^
W0916 20:00:43.715000 3410711 site-packages/torch/_dynamo/convert_frame.py:1339]   File "/home/stoneyey/anaconda3/envs/stablenew/lib/python3.11/site-packages/torch/_dynamo/bytecode_transformation.py", line 1424, in transform_code_object
W0916 20:00:43.715000 3410711 site-packages/torch/_dynamo/convert_frame.py:1339]     transformations(instructions, code_options)
W0916 20:00:43.715000 3410711 site-packages/torch/_dynamo/convert_frame.py:1339]   File "/home/stoneyey/anaconda3/envs/stablenew/lib/python3.11/site-packages/torch/_dynamo/convert_frame.py", line 267, in _fn
W0916 20:00:43.715000 3410711 site-packages/torch/_dynamo/convert_frame.py:1339]     return fn(*args, **kwargs)
W0916 20:00:43.715000 3410711 site-packages/torch/_dynamo/convert_frame.py:1339]            ^^^^^^^^^^^^^^^^^^^
W0916 20:00:43.715000 3410711 site-packages/torch/_dynamo/convert_frame.py:1339]   File "/home/stoneyey/anaconda3/envs/stablenew/lib/python3.11/site-packages/torch/_dynamo/convert_frame.py", line 753, in transform
W0916 20:00:43.715000 3410711 site-packages/torch/_dynamo/convert_frame.py:1339]     tracer.run()
W0916 20:00:43.715000 3410711 site-packages/torch/_dynamo/convert_frame.py:1339]   File "/home/stoneyey/anaconda3/envs/stablenew/lib/python3.11/site-packages/torch/_dynamo/symbolic_convert.py", line 3497, in run
W0916 20:00:43.715000 3410711 site-packages/torch/_dynamo/convert_frame.py:1339]     super().run()
W0916 20:00:43.715000 3410711 site-packages/torch/_dynamo/convert_frame.py:1339]   File "/home/stoneyey/anaconda3/envs/stablenew/lib/python3.11/site-packages/torch/_dynamo/symbolic_convert.py", line 1363, in run
W0916 20:00:43.715000 3410711 site-packages/torch/_dynamo/convert_frame.py:1339]     while self.step():
W0916 20:00:43.715000 3410711 site-packages/torch/_dynamo/convert_frame.py:1339]           ^^^^^^^^^^^
W0916 20:00:43.715000 3410711 site-packages/torch/_dynamo/convert_frame.py:1339]   File "/home/stoneyey/anaconda3/envs/stablenew/lib/python3.11/site-packages/torch/_dynamo/symbolic_convert.py", line 1267, in step
W0916 20:00:43.715000 3410711 site-packages/torch/_dynamo/convert_frame.py:1339]     self.dispatch_table[inst.opcode](self, inst)
W0916 20:00:43.715000 3410711 site-packages/torch/_dynamo/convert_frame.py:1339]   File "/home/stoneyey/anaconda3/envs/stablenew/lib/python3.11/site-packages/torch/_dynamo/symbolic_convert.py", line 3672, in RETURN_VALUE
W0916 20:00:43.715000 3410711 site-packages/torch/_dynamo/convert_frame.py:1339]     self._return(inst)
W0916 20:00:43.715000 3410711 site-packages/torch/_dynamo/convert_frame.py:1339]   File "/home/stoneyey/anaconda3/envs/stablenew/lib/python3.11/site-packages/torch/_dynamo/symbolic_convert.py", line 3653, in _return
W0916 20:00:43.715000 3410711 site-packages/torch/_dynamo/convert_frame.py:1339]     all_stack_locals_metadata = self.output.compile_subgraph(
W0916 20:00:43.715000 3410711 site-packages/torch/_dynamo/convert_frame.py:1339]                                 ^^^^^^^^^^^^^^^^^^^^^^^^^^^^^
W0916 20:00:43.715000 3410711 site-packages/torch/_dynamo/convert_frame.py:1339]   File "/home/stoneyey/anaconda3/envs/stablenew/lib/python3.11/site-packages/torch/_dynamo/output_graph.py", line 1382, in compile_subgraph
W0916 20:00:43.715000 3410711 site-packages/torch/_dynamo/convert_frame.py:1339]     self.compile_and_call_fx_graph(
W0916 20:00:43.715000 3410711 site-packages/torch/_dynamo/convert_frame.py:1339]   File "/home/stoneyey/anaconda3/envs/stablenew/lib/python3.11/site-packages/torch/_dynamo/output_graph.py", line 1696, in compile_and_call_fx_graph
W0916 20:00:43.715000 3410711 site-packages/torch/_dynamo/convert_frame.py:1339]     compiled_fn = self.call_user_compiler(gm, self.example_inputs())
W0916 20:00:43.715000 3410711 site-packages/torch/_dynamo/convert_frame.py:1339]                   ^^^^^^^^^^^^^^^^^^^^^^^^^^^^^^^^^^^^^^^^^^^^^^^^^^
W0916 20:00:43.715000 3410711 site-packages/torch/_dynamo/convert_frame.py:1339]   File "/home/stoneyey/anaconda3/envs/stablenew/lib/python3.11/site-packages/torch/_dynamo/output_graph.py", line 1811, in call_user_compiler
W0916 20:00:43.715000 3410711 site-packages/torch/_dynamo/convert_frame.py:1339]     return self._call_user_compiler(gm, example_inputs)
W0916 20:00:43.715000 3410711 site-packages/torch/_dynamo/convert_frame.py:1339]            ^^^^^^^^^^^^^^^^^^^^^^^^^^^^^^^^^^^^^^^^^^^^
W0916 20:00:43.715000 3410711 site-packages/torch/_dynamo/convert_frame.py:1339]   File "/home/stoneyey/anaconda3/envs/stablenew/lib/python3.11/site-packages/torch/_dynamo/output_graph.py", line 1871, in _call_user_compiler
W0916 20:00:43.715000 3410711 site-packages/torch/_dynamo/convert_frame.py:1339]     raise BackendCompilerFailed(
W0916 20:00:43.715000 3410711 site-packages/torch/_dynamo/convert_frame.py:1339]   File "/home/stoneyey/anaconda3/envs/stablenew/lib/python3.11/site-packages/torch/_dynamo/output_graph.py", line 1846, in _call_user_compiler
W0916 20:00:43.715000 3410711 site-packages/torch/_dynamo/convert_frame.py:1339]     compiled_fn = compiler_fn(gm, example_inputs)
W0916 20:00:43.715000 3410711 site-packages/torch/_dynamo/convert_frame.py:1339]                   ^^^^^^^^^^^^^^^^^^^^^^^^^^^^^^^
W0916 20:00:43.715000 3410711 site-packages/torch/_dynamo/convert_frame.py:1339]   File "/home/stoneyey/anaconda3/envs/stablenew/lib/python3.11/site-packages/torch/_dynamo/repro/after_dynamo.py", line 150, in __call__
W0916 20:00:43.715000 3410711 site-packages/torch/_dynamo/convert_frame.py:1339]     compiled_gm = compiler_fn(gm, example_inputs)
W0916 20:00:43.715000 3410711 site-packages/torch/_dynamo/convert_frame.py:1339]                   ^^^^^^^^^^^^^^^^^^^^^^^^^^^^^^^
W0916 20:00:43.715000 3410711 site-packages/torch/_dynamo/convert_frame.py:1339]   File "/home/stoneyey/anaconda3/envs/stablenew/lib/python3.11/site-packages/torch/__init__.py", line 2380, in __call__
W0916 20:00:43.715000 3410711 site-packages/torch/_dynamo/convert_frame.py:1339]     return compile_fx(model_, inputs_, config_patches=self.config)
W0916 20:00:43.715000 3410711 site-packages/torch/_dynamo/convert_frame.py:1339]            ^^^^^^^^^^^^^^^^^^^^^^^^^^^^^^^^^^^^^^^^^^^^^^^^^^^^^^^
W0916 20:00:43.715000 3410711 site-packages/torch/_dynamo/convert_frame.py:1339]   File "/home/stoneyey/anaconda3/envs/stablenew/lib/python3.11/site-packages/torch/_inductor/compile_fx.py", line 2002, in compile_fx
W0916 20:00:43.715000 3410711 site-packages/torch/_dynamo/convert_frame.py:1339]     return compile_fx(
W0916 20:00:43.715000 3410711 site-packages/torch/_dynamo/convert_frame.py:1339]            ^^^^^^^^^^^
W0916 20:00:43.715000 3410711 site-packages/torch/_dynamo/convert_frame.py:1339]   File "/home/stoneyey/anaconda3/envs/stablenew/lib/python3.11/site-packages/torch/_inductor/compile_fx.py", line 2418, in compile_fx
W0916 20:00:43.715000 3410711 site-packages/torch/_dynamo/convert_frame.py:1339]     return aot_autograd(
W0916 20:00:43.715000 3410711 site-packages/torch/_dynamo/convert_frame.py:1339]            ^^^^^^^^^^^^^
W0916 20:00:43.715000 3410711 site-packages/torch/_dynamo/convert_frame.py:1339]   File "/home/stoneyey/anaconda3/envs/stablenew/lib/python3.11/site-packages/torch/_dynamo/backends/common.py", line 109, in __call__
W0916 20:00:43.715000 3410711 site-packages/torch/_dynamo/convert_frame.py:1339]     cg = aot_module_simplified(gm, example_inputs, **self.kwargs)
W0916 20:00:43.715000 3410711 site-packages/torch/_dynamo/convert_frame.py:1339]          ^^^^^^^^^^^^^^^^^^^^^^^^^^^^^^^^^^^^^^^^^^^^^^^^^^^^^^^^
W0916 20:00:43.715000 3410711 site-packages/torch/_dynamo/convert_frame.py:1339]   File "/home/stoneyey/anaconda3/envs/stablenew/lib/python3.11/site-packages/torch/_functorch/aot_autograd.py", line 1199, in aot_module_simplified
W0916 20:00:43.715000 3410711 site-packages/torch/_dynamo/convert_frame.py:1339]     compiled_fn = AOTAutogradCache.load(
W0916 20:00:43.715000 3410711 site-packages/torch/_dynamo/convert_frame.py:1339]                   ^^^^^^^^^^^^^^^^^^^^^^
W0916 20:00:43.715000 3410711 site-packages/torch/_dynamo/convert_frame.py:1339]   File "/home/stoneyey/anaconda3/envs/stablenew/lib/python3.11/site-packages/torch/_functorch/_aot_autograd/autograd_cache.py", line 1140, in load
W0916 20:00:43.715000 3410711 site-packages/torch/_dynamo/convert_frame.py:1339]     compiled_fn = dispatch_and_compile()
W0916 20:00:43.715000 3410711 site-packages/torch/_dynamo/convert_frame.py:1339]                   ^^^^^^^^^^^^^^^^^^^^^^
W0916 20:00:43.715000 3410711 site-packages/torch/_dynamo/convert_frame.py:1339]   File "/home/stoneyey/anaconda3/envs/stablenew/lib/python3.11/site-packages/torch/_functorch/aot_autograd.py", line 1184, in dispatch_and_compile
W0916 20:00:43.715000 3410711 site-packages/torch/_dynamo/convert_frame.py:1339]     compiled_fn, _ = create_aot_dispatcher_function(
W0916 20:00:43.715000 3410711 site-packages/torch/_dynamo/convert_frame.py:1339]                      ^^^^^^^^^^^^^^^^^^^^^^^^^^^^^^^
W0916 20:00:43.715000 3410711 site-packages/torch/_dynamo/convert_frame.py:1339]   File "/home/stoneyey/anaconda3/envs/stablenew/lib/python3.11/site-packages/torch/_functorch/aot_autograd.py", line 576, in create_aot_dispatcher_function
W0916 20:00:43.715000 3410711 site-packages/torch/_dynamo/convert_frame.py:1339]     return _create_aot_dispatcher_function(
W0916 20:00:43.715000 3410711 site-packages/torch/_dynamo/convert_frame.py:1339]            ^^^^^^^^^^^^^^^^^^^^^^^^^^^^^^^^
W0916 20:00:43.715000 3410711 site-packages/torch/_dynamo/convert_frame.py:1339]   File "/home/stoneyey/anaconda3/envs/stablenew/lib/python3.11/site-packages/torch/_functorch/aot_autograd.py", line 836, in _create_aot_dispatcher_function
W0916 20:00:43.715000 3410711 site-packages/torch/_dynamo/convert_frame.py:1339]     compiled_fn, fw_metadata = compiler_fn(
W0916 20:00:43.715000 3410711 site-packages/torch/_dynamo/convert_frame.py:1339]                                ^^^^^^^^^^^^
W0916 20:00:43.715000 3410711 site-packages/torch/_dynamo/convert_frame.py:1339]   File "/home/stoneyey/anaconda3/envs/stablenew/lib/python3.11/site-packages/torch/_functorch/_aot_autograd/jit_compile_runtime_wrappers.py", line 245, in aot_dispatch_base
W0916 20:00:43.715000 3410711 site-packages/torch/_dynamo/convert_frame.py:1339]     compiled_fw = compiler(fw_module, updated_flat_args)
W0916 20:00:43.715000 3410711 site-packages/torch/_dynamo/convert_frame.py:1339]                   ^^^^^^^^^^^^^^^^^^^^^^^^^^^^^^^^^^^^^^
W0916 20:00:43.715000 3410711 site-packages/torch/_dynamo/convert_frame.py:1339]   File "/home/stoneyey/anaconda3/envs/stablenew/lib/python3.11/site-packages/torch/_functorch/aot_autograd.py", line 483, in __call__
W0916 20:00:43.715000 3410711 site-packages/torch/_dynamo/convert_frame.py:1339]     return self.compiler_fn(gm, example_inputs)
W0916 20:00:43.715000 3410711 site-packages/torch/_dynamo/convert_frame.py:1339]            ^^^^^^^^^^^^^^^^^^^^^^^^^^^^^^^^^^^^
W0916 20:00:43.715000 3410711 site-packages/torch/_dynamo/convert_frame.py:1339]   File "/home/stoneyey/anaconda3/envs/stablenew/lib/python3.11/site-packages/torch/_inductor/compile_fx.py", line 2250, in fw_compiler_base
W0916 20:00:43.715000 3410711 site-packages/torch/_dynamo/convert_frame.py:1339]     return inner_compile(
W0916 20:00:43.715000 3410711 site-packages/torch/_dynamo/convert_frame.py:1339]            ^^^^^^^^^^^^^^
W0916 20:00:43.715000 3410711 site-packages/torch/_dynamo/convert_frame.py:1339]   File "/home/stoneyey/anaconda3/envs/stablenew/lib/python3.11/contextlib.py", line 81, in inner
W0916 20:00:43.715000 3410711 site-packages/torch/_dynamo/convert_frame.py:1339]     return func(*args, **kwds)
W0916 20:00:43.715000 3410711 site-packages/torch/_dynamo/convert_frame.py:1339]            ^^^^^^^^^^^^^^^^^^^
W0916 20:00:43.715000 3410711 site-packages/torch/_dynamo/convert_frame.py:1339]   File "/home/stoneyey/anaconda3/envs/stablenew/lib/python3.11/site-packages/torch/_inductor/compile_fx.py", line 745, in compile_fx_inner
W0916 20:00:43.715000 3410711 site-packages/torch/_dynamo/convert_frame.py:1339]     return wrap_compiler_debug(_compile_fx_inner, compiler_name="inductor")(
W0916 20:00:43.715000 3410711 site-packages/torch/_dynamo/convert_frame.py:1339]            ^^^^^^^^^^^^^^^^^^^^^^^^^^^^^^^^^^^^^^^^^^^^^^^^^^^^^^^^^^^^^^^^^
W0916 20:00:43.715000 3410711 site-packages/torch/_dynamo/convert_frame.py:1339]   File "/home/stoneyey/anaconda3/envs/stablenew/lib/python3.11/site-packages/torch/_dynamo/repro/after_aot.py", line 124, in debug_wrapper
W0916 20:00:43.715000 3410711 site-packages/torch/_dynamo/convert_frame.py:1339]     inner_compiled_fn = compiler_fn(gm, example_inputs)
W0916 20:00:43.715000 3410711 site-packages/torch/_dynamo/convert_frame.py:1339]                         ^^^^^^^^^^^^^^^^^^^^^^^^^^^^^^^
W0916 20:00:43.715000 3410711 site-packages/torch/_dynamo/convert_frame.py:1339]   File "/home/stoneyey/anaconda3/envs/stablenew/lib/python3.11/site-packages/torch/_inductor/compile_fx.py", line 860, in _compile_fx_inner
W0916 20:00:43.715000 3410711 site-packages/torch/_dynamo/convert_frame.py:1339]     (key_info, cache_info) = FxGraphCache.prepare_key(
W0916 20:00:43.715000 3410711 site-packages/torch/_dynamo/convert_frame.py:1339]                              ^^^^^^^^^^^^^^^^^^^^^^^^^
W0916 20:00:43.715000 3410711 site-packages/torch/_dynamo/convert_frame.py:1339]   File "/home/stoneyey/anaconda3/envs/stablenew/lib/python3.11/site-packages/torch/_inductor/codecache.py", line 1474, in prepare_key
W0916 20:00:43.715000 3410711 site-packages/torch/_dynamo/convert_frame.py:1339]     key, debug_lines = compiled_fx_graph_hash(
W0916 20:00:43.715000 3410711 site-packages/torch/_dynamo/convert_frame.py:1339]                        ^^^^^^^^^^^^^^^^^^^^^^^
W0916 20:00:43.715000 3410711 site-packages/torch/_dynamo/convert_frame.py:1339]   File "/home/stoneyey/anaconda3/envs/stablenew/lib/python3.11/site-packages/torch/_inductor/codecache.py", line 960, in compiled_fx_graph_hash
W0916 20:00:43.715000 3410711 site-packages/torch/_dynamo/convert_frame.py:1339]     details = FxGraphHashDetails(gm, example_inputs, fx_kwargs, inputs_to_check)
W0916 20:00:43.715000 3410711 site-packages/torch/_dynamo/convert_frame.py:1339]               ^^^^^^^^^^^^^^^^^^^^^^^^^^^^^^^^^^^^^^^^^^^^^^^^^^^^^^^^^^^^^^^^^^
W0916 20:00:43.715000 3410711 site-packages/torch/_dynamo/convert_frame.py:1339]   File "/home/stoneyey/anaconda3/envs/stablenew/lib/python3.11/site-packages/torch/_inductor/codecache.py", line 896, in __init__
W0916 20:00:43.715000 3410711 site-packages/torch/_dynamo/convert_frame.py:1339]     self.system_info = CacheBase.get_system()
W0916 20:00:43.715000 3410711 site-packages/torch/_dynamo/convert_frame.py:1339]                        ^^^^^^^^^^^^^^^^^^^^^^
W0916 20:00:43.715000 3410711 site-packages/torch/_dynamo/convert_frame.py:1339]   File "/home/stoneyey/anaconda3/envs/stablenew/lib/python3.11/site-packages/torch/_inductor/codecache.py", line 205, in get_system
W0916 20:00:43.715000 3410711 site-packages/torch/_dynamo/convert_frame.py:1339]     from triton.compiler.compiler import triton_key
W0916 20:00:43.715000 3410711 site-packages/torch/_dynamo/convert_frame.py:1339] torch._dynamo.exc.BackendCompilerFailed: backend='inductor' raised:
W0916 20:00:43.715000 3410711 site-packages/torch/_dynamo/convert_frame.py:1339] ImportError: cannot import name 'triton_key' from 'triton.compiler.compiler' (/home/stoneyey/anaconda3/envs/stablenew/lib/python3.11/site-packages/triton/compiler/compiler.py)
W0916 20:00:43.715000 3410711 site-packages/torch/_dynamo/convert_frame.py:1339] 
W0916 20:00:43.715000 3410711 site-packages/torch/_dynamo/convert_frame.py:1339] Set TORCHDYNAMO_VERBOSE=1 for the internal stack trace (please do this especially if you're reporting a bug to PyTorch). For even more developer context, set TORCH_LOGS="+dynamo"
W0916 20:00:43.715000 3410711 site-packages/torch/_dynamo/convert_frame.py:1339] 
W0916 20:00:43.715000 3410711 site-packages/torch/_dynamo/convert_frame.py:1339] Traceback (most recent call last):
W0916 20:00:43.715000 3410711 site-packages/torch/_dynamo/convert_frame.py:1339]   File "/home/stoneyey/anaconda3/envs/stablenew/lib/python3.11/site-packages/torch/_dynamo/convert_frame.py", line 1272, in __call__
W0916 20:00:43.715000 3410711 site-packages/torch/_dynamo/convert_frame.py:1339]     result = self._inner_convert(
W0916 20:00:43.715000 3410711 site-packages/torch/_dynamo/convert_frame.py:1339]              ^^^^^^^^^^^^^^^^^^^^
W0916 20:00:43.715000 3410711 site-packages/torch/_dynamo/convert_frame.py:1339]   File "/home/stoneyey/anaconda3/envs/stablenew/lib/python3.11/site-packages/torch/_dynamo/convert_frame.py", line 629, in __call__
W0916 20:00:43.715000 3410711 site-packages/torch/_dynamo/convert_frame.py:1339]     return _compile(
W0916 20:00:43.715000 3410711 site-packages/torch/_dynamo/convert_frame.py:1339]            ^^^^^^^^^
W0916 20:00:43.715000 3410711 site-packages/torch/_dynamo/convert_frame.py:1339]   File "/home/stoneyey/anaconda3/envs/stablenew/lib/python3.11/site-packages/torch/_dynamo/convert_frame.py", line 1111, in _compile
W0916 20:00:43.715000 3410711 site-packages/torch/_dynamo/convert_frame.py:1339]     guarded_code = compile_inner(code, one_graph, hooks, transform)
W0916 20:00:43.715000 3410711 site-packages/torch/_dynamo/convert_frame.py:1339]                    ^^^^^^^^^^^^^^^^^^^^^^^^^^^^^^^^^^^^^^^^^^^^^^^^
W0916 20:00:43.715000 3410711 site-packages/torch/_dynamo/convert_frame.py:1339]   File "/home/stoneyey/anaconda3/envs/stablenew/lib/python3.11/site-packages/torch/_utils_internal.py", line 97, in wrapper_function
W0916 20:00:43.715000 3410711 site-packages/torch/_dynamo/convert_frame.py:1339]     return function(*args, **kwargs)
W0916 20:00:43.715000 3410711 site-packages/torch/_dynamo/convert_frame.py:1339]            ^^^^^^^^^^^^^^^^^^^^^^^^^
W0916 20:00:43.715000 3410711 site-packages/torch/_dynamo/convert_frame.py:1339]   File "/home/stoneyey/anaconda3/envs/stablenew/lib/python3.11/site-packages/torch/_dynamo/convert_frame.py", line 793, in compile_inner
W0916 20:00:43.715000 3410711 site-packages/torch/_dynamo/convert_frame.py:1339]     return _compile_inner(code, one_graph, hooks, transform)
W0916 20:00:43.715000 3410711 site-packages/torch/_dynamo/convert_frame.py:1339]            ^^^^^^^^^^^^^^^^^^^^^^^^^^^^^^^^^^^^^^^^^^^^^^^^^
W0916 20:00:43.715000 3410711 site-packages/torch/_dynamo/convert_frame.py:1339]   File "/home/stoneyey/anaconda3/envs/stablenew/lib/python3.11/site-packages/torch/_dynamo/convert_frame.py", line 832, in _compile_inner
W0916 20:00:43.715000 3410711 site-packages/torch/_dynamo/convert_frame.py:1339]     out_code = transform_code_object(code, transform)
W0916 20:00:43.715000 3410711 site-packages/torch/_dynamo/convert_frame.py:1339]                ^^^^^^^^^^^^^^^^^^^^^^^^^^^^^^^^^^^^^^
W0916 20:00:43.715000 3410711 site-packages/torch/_dynamo/convert_frame.py:1339]   File "/home/stoneyey/anaconda3/envs/stablenew/lib/python3.11/site-packages/torch/_dynamo/bytecode_transformation.py", line 1424, in transform_code_object
W0916 20:00:43.715000 3410711 site-packages/torch/_dynamo/convert_frame.py:1339]     transformations(instructions, code_options)
W0916 20:00:43.715000 3410711 site-packages/torch/_dynamo/convert_frame.py:1339]   File "/home/stoneyey/anaconda3/envs/stablenew/lib/python3.11/site-packages/torch/_dynamo/convert_frame.py", line 267, in _fn
W0916 20:00:43.715000 3410711 site-packages/torch/_dynamo/convert_frame.py:1339]     return fn(*args, **kwargs)
W0916 20:00:43.715000 3410711 site-packages/torch/_dynamo/convert_frame.py:1339]            ^^^^^^^^^^^^^^^^^^^
W0916 20:00:43.715000 3410711 site-packages/torch/_dynamo/convert_frame.py:1339]   File "/home/stoneyey/anaconda3/envs/stablenew/lib/python3.11/site-packages/torch/_dynamo/convert_frame.py", line 753, in transform
W0916 20:00:43.715000 3410711 site-packages/torch/_dynamo/convert_frame.py:1339]     tracer.run()
W0916 20:00:43.715000 3410711 site-packages/torch/_dynamo/convert_frame.py:1339]   File "/home/stoneyey/anaconda3/envs/stablenew/lib/python3.11/site-packages/torch/_dynamo/symbolic_convert.py", line 3497, in run
W0916 20:00:43.715000 3410711 site-packages/torch/_dynamo/convert_frame.py:1339]     super().run()
W0916 20:00:43.715000 3410711 site-packages/torch/_dynamo/convert_frame.py:1339]   File "/home/stoneyey/anaconda3/envs/stablenew/lib/python3.11/site-packages/torch/_dynamo/symbolic_convert.py", line 1363, in run
W0916 20:00:43.715000 3410711 site-packages/torch/_dynamo/convert_frame.py:1339]     while self.step():
W0916 20:00:43.715000 3410711 site-packages/torch/_dynamo/convert_frame.py:1339]           ^^^^^^^^^^^
W0916 20:00:43.715000 3410711 site-packages/torch/_dynamo/convert_frame.py:1339]   File "/home/stoneyey/anaconda3/envs/stablenew/lib/python3.11/site-packages/torch/_dynamo/symbolic_convert.py", line 1267, in step
W0916 20:00:43.715000 3410711 site-packages/torch/_dynamo/convert_frame.py:1339]     self.dispatch_table[inst.opcode](self, inst)
W0916 20:00:43.715000 3410711 site-packages/torch/_dynamo/convert_frame.py:1339]   File "/home/stoneyey/anaconda3/envs/stablenew/lib/python3.11/site-packages/torch/_dynamo/symbolic_convert.py", line 3672, in RETURN_VALUE
W0916 20:00:43.715000 3410711 site-packages/torch/_dynamo/convert_frame.py:1339]     self._return(inst)
W0916 20:00:43.715000 3410711 site-packages/torch/_dynamo/convert_frame.py:1339]   File "/home/stoneyey/anaconda3/envs/stablenew/lib/python3.11/site-packages/torch/_dynamo/symbolic_convert.py", line 3653, in _return
W0916 20:00:43.715000 3410711 site-packages/torch/_dynamo/convert_frame.py:1339]     all_stack_locals_metadata = self.output.compile_subgraph(
W0916 20:00:43.715000 3410711 site-packages/torch/_dynamo/convert_frame.py:1339]                                 ^^^^^^^^^^^^^^^^^^^^^^^^^^^^^
W0916 20:00:43.715000 3410711 site-packages/torch/_dynamo/convert_frame.py:1339]   File "/home/stoneyey/anaconda3/envs/stablenew/lib/python3.11/site-packages/torch/_dynamo/output_graph.py", line 1382, in compile_subgraph
W0916 20:00:43.715000 3410711 site-packages/torch/_dynamo/convert_frame.py:1339]     self.compile_and_call_fx_graph(
W0916 20:00:43.715000 3410711 site-packages/torch/_dynamo/convert_frame.py:1339]   File "/home/stoneyey/anaconda3/envs/stablenew/lib/python3.11/site-packages/torch/_dynamo/output_graph.py", line 1696, in compile_and_call_fx_graph
W0916 20:00:43.715000 3410711 site-packages/torch/_dynamo/convert_frame.py:1339]     compiled_fn = self.call_user_compiler(gm, self.example_inputs())
W0916 20:00:43.715000 3410711 site-packages/torch/_dynamo/convert_frame.py:1339]                   ^^^^^^^^^^^^^^^^^^^^^^^^^^^^^^^^^^^^^^^^^^^^^^^^^^
W0916 20:00:43.715000 3410711 site-packages/torch/_dynamo/convert_frame.py:1339]   File "/home/stoneyey/anaconda3/envs/stablenew/lib/python3.11/site-packages/torch/_dynamo/output_graph.py", line 1811, in call_user_compiler
W0916 20:00:43.715000 3410711 site-packages/torch/_dynamo/convert_frame.py:1339]     return self._call_user_compiler(gm, example_inputs)
W0916 20:00:43.715000 3410711 site-packages/torch/_dynamo/convert_frame.py:1339]            ^^^^^^^^^^^^^^^^^^^^^^^^^^^^^^^^^^^^^^^^^^^^
W0916 20:00:43.715000 3410711 site-packages/torch/_dynamo/convert_frame.py:1339]   File "/home/stoneyey/anaconda3/envs/stablenew/lib/python3.11/site-packages/torch/_dynamo/output_graph.py", line 1871, in _call_user_compiler
W0916 20:00:43.715000 3410711 site-packages/torch/_dynamo/convert_frame.py:1339]     raise BackendCompilerFailed(
W0916 20:00:43.715000 3410711 site-packages/torch/_dynamo/convert_frame.py:1339]   File "/home/stoneyey/anaconda3/envs/stablenew/lib/python3.11/site-packages/torch/_dynamo/output_graph.py", line 1846, in _call_user_compiler
W0916 20:00:43.715000 3410711 site-packages/torch/_dynamo/convert_frame.py:1339]     compiled_fn = compiler_fn(gm, example_inputs)
W0916 20:00:43.715000 3410711 site-packages/torch/_dynamo/convert_frame.py:1339]                   ^^^^^^^^^^^^^^^^^^^^^^^^^^^^^^^
W0916 20:00:43.715000 3410711 site-packages/torch/_dynamo/convert_frame.py:1339]   File "/home/stoneyey/anaconda3/envs/stablenew/lib/python3.11/site-packages/torch/_dynamo/repro/after_dynamo.py", line 150, in __call__
W0916 20:00:43.715000 3410711 site-packages/torch/_dynamo/convert_frame.py:1339]     compiled_gm = compiler_fn(gm, example_inputs)
W0916 20:00:43.715000 3410711 site-packages/torch/_dynamo/convert_frame.py:1339]                   ^^^^^^^^^^^^^^^^^^^^^^^^^^^^^^^
W0916 20:00:43.715000 3410711 site-packages/torch/_dynamo/convert_frame.py:1339]   File "/home/stoneyey/anaconda3/envs/stablenew/lib/python3.11/site-packages/torch/__init__.py", line 2380, in __call__
W0916 20:00:43.715000 3410711 site-packages/torch/_dynamo/convert_frame.py:1339]     return compile_fx(model_, inputs_, config_patches=self.config)
W0916 20:00:43.715000 3410711 site-packages/torch/_dynamo/convert_frame.py:1339]            ^^^^^^^^^^^^^^^^^^^^^^^^^^^^^^^^^^^^^^^^^^^^^^^^^^^^^^^
W0916 20:00:43.715000 3410711 site-packages/torch/_dynamo/convert_frame.py:1339]   File "/home/stoneyey/anaconda3/envs/stablenew/lib/python3.11/site-packages/torch/_inductor/compile_fx.py", line 2002, in compile_fx
W0916 20:00:43.715000 3410711 site-packages/torch/_dynamo/convert_frame.py:1339]     return compile_fx(
W0916 20:00:43.715000 3410711 site-packages/torch/_dynamo/convert_frame.py:1339]            ^^^^^^^^^^^
W0916 20:00:43.715000 3410711 site-packages/torch/_dynamo/convert_frame.py:1339]   File "/home/stoneyey/anaconda3/envs/stablenew/lib/python3.11/site-packages/torch/_inductor/compile_fx.py", line 2418, in compile_fx
W0916 20:00:43.715000 3410711 site-packages/torch/_dynamo/convert_frame.py:1339]     return aot_autograd(
W0916 20:00:43.715000 3410711 site-packages/torch/_dynamo/convert_frame.py:1339]            ^^^^^^^^^^^^^
W0916 20:00:43.715000 3410711 site-packages/torch/_dynamo/convert_frame.py:1339]   File "/home/stoneyey/anaconda3/envs/stablenew/lib/python3.11/site-packages/torch/_dynamo/backends/common.py", line 109, in __call__
W0916 20:00:43.715000 3410711 site-packages/torch/_dynamo/convert_frame.py:1339]     cg = aot_module_simplified(gm, example_inputs, **self.kwargs)
W0916 20:00:43.715000 3410711 site-packages/torch/_dynamo/convert_frame.py:1339]          ^^^^^^^^^^^^^^^^^^^^^^^^^^^^^^^^^^^^^^^^^^^^^^^^^^^^^^^^
W0916 20:00:43.715000 3410711 site-packages/torch/_dynamo/convert_frame.py:1339]   File "/home/stoneyey/anaconda3/envs/stablenew/lib/python3.11/site-packages/torch/_functorch/aot_autograd.py", line 1199, in aot_module_simplified
W0916 20:00:43.715000 3410711 site-packages/torch/_dynamo/convert_frame.py:1339]     compiled_fn = AOTAutogradCache.load(
W0916 20:00:43.715000 3410711 site-packages/torch/_dynamo/convert_frame.py:1339]                   ^^^^^^^^^^^^^^^^^^^^^^
W0916 20:00:43.715000 3410711 site-packages/torch/_dynamo/convert_frame.py:1339]   File "/home/stoneyey/anaconda3/envs/stablenew/lib/python3.11/site-packages/torch/_functorch/_aot_autograd/autograd_cache.py", line 1140, in load
W0916 20:00:43.715000 3410711 site-packages/torch/_dynamo/convert_frame.py:1339]     compiled_fn = dispatch_and_compile()
W0916 20:00:43.715000 3410711 site-packages/torch/_dynamo/convert_frame.py:1339]                   ^^^^^^^^^^^^^^^^^^^^^^
W0916 20:00:43.715000 3410711 site-packages/torch/_dynamo/convert_frame.py:1339]   File "/home/stoneyey/anaconda3/envs/stablenew/lib/python3.11/site-packages/torch/_functorch/aot_autograd.py", line 1184, in dispatch_and_compile
W0916 20:00:43.715000 3410711 site-packages/torch/_dynamo/convert_frame.py:1339]     compiled_fn, _ = create_aot_dispatcher_function(
W0916 20:00:43.715000 3410711 site-packages/torch/_dynamo/convert_frame.py:1339]                      ^^^^^^^^^^^^^^^^^^^^^^^^^^^^^^^
W0916 20:00:43.715000 3410711 site-packages/torch/_dynamo/convert_frame.py:1339]   File "/home/stoneyey/anaconda3/envs/stablenew/lib/python3.11/site-packages/torch/_functorch/aot_autograd.py", line 576, in create_aot_dispatcher_function
W0916 20:00:43.715000 3410711 site-packages/torch/_dynamo/convert_frame.py:1339]     return _create_aot_dispatcher_function(
W0916 20:00:43.715000 3410711 site-packages/torch/_dynamo/convert_frame.py:1339]            ^^^^^^^^^^^^^^^^^^^^^^^^^^^^^^^^
W0916 20:00:43.715000 3410711 site-packages/torch/_dynamo/convert_frame.py:1339]   File "/home/stoneyey/anaconda3/envs/stablenew/lib/python3.11/site-packages/torch/_functorch/aot_autograd.py", line 836, in _create_aot_dispatcher_function
W0916 20:00:43.715000 3410711 site-packages/torch/_dynamo/convert_frame.py:1339]     compiled_fn, fw_metadata = compiler_fn(
W0916 20:00:43.715000 3410711 site-packages/torch/_dynamo/convert_frame.py:1339]                                ^^^^^^^^^^^^
W0916 20:00:43.715000 3410711 site-packages/torch/_dynamo/convert_frame.py:1339]   File "/home/stoneyey/anaconda3/envs/stablenew/lib/python3.11/site-packages/torch/_functorch/_aot_autograd/jit_compile_runtime_wrappers.py", line 245, in aot_dispatch_base
W0916 20:00:43.715000 3410711 site-packages/torch/_dynamo/convert_frame.py:1339]     compiled_fw = compiler(fw_module, updated_flat_args)
W0916 20:00:43.715000 3410711 site-packages/torch/_dynamo/convert_frame.py:1339]                   ^^^^^^^^^^^^^^^^^^^^^^^^^^^^^^^^^^^^^^
W0916 20:00:43.715000 3410711 site-packages/torch/_dynamo/convert_frame.py:1339]   File "/home/stoneyey/anaconda3/envs/stablenew/lib/python3.11/site-packages/torch/_functorch/aot_autograd.py", line 483, in __call__
W0916 20:00:43.715000 3410711 site-packages/torch/_dynamo/convert_frame.py:1339]     return self.compiler_fn(gm, example_inputs)
W0916 20:00:43.715000 3410711 site-packages/torch/_dynamo/convert_frame.py:1339]            ^^^^^^^^^^^^^^^^^^^^^^^^^^^^^^^^^^^^
W0916 20:00:43.715000 3410711 site-packages/torch/_dynamo/convert_frame.py:1339]   File "/home/stoneyey/anaconda3/envs/stablenew/lib/python3.11/site-packages/torch/_inductor/compile_fx.py", line 2250, in fw_compiler_base
W0916 20:00:43.715000 3410711 site-packages/torch/_dynamo/convert_frame.py:1339]     return inner_compile(
W0916 20:00:43.715000 3410711 site-packages/torch/_dynamo/convert_frame.py:1339]            ^^^^^^^^^^^^^^
W0916 20:00:43.715000 3410711 site-packages/torch/_dynamo/convert_frame.py:1339]   File "/home/stoneyey/anaconda3/envs/stablenew/lib/python3.11/contextlib.py", line 81, in inner
W0916 20:00:43.715000 3410711 site-packages/torch/_dynamo/convert_frame.py:1339]     return func(*args, **kwds)
W0916 20:00:43.715000 3410711 site-packages/torch/_dynamo/convert_frame.py:1339]            ^^^^^^^^^^^^^^^^^^^
W0916 20:00:43.715000 3410711 site-packages/torch/_dynamo/convert_frame.py:1339]   File "/home/stoneyey/anaconda3/envs/stablenew/lib/python3.11/site-packages/torch/_inductor/compile_fx.py", line 745, in compile_fx_inner
W0916 20:00:43.715000 3410711 site-packages/torch/_dynamo/convert_frame.py:1339]     return wrap_compiler_debug(_compile_fx_inner, compiler_name="inductor")(
W0916 20:00:43.715000 3410711 site-packages/torch/_dynamo/convert_frame.py:1339]            ^^^^^^^^^^^^^^^^^^^^^^^^^^^^^^^^^^^^^^^^^^^^^^^^^^^^^^^^^^^^^^^^^
W0916 20:00:43.715000 3410711 site-packages/torch/_dynamo/convert_frame.py:1339]   File "/home/stoneyey/anaconda3/envs/stablenew/lib/python3.11/site-packages/torch/_dynamo/repro/after_aot.py", line 124, in debug_wrapper
W0916 20:00:43.715000 3410711 site-packages/torch/_dynamo/convert_frame.py:1339]     inner_compiled_fn = compiler_fn(gm, example_inputs)
W0916 20:00:43.715000 3410711 site-packages/torch/_dynamo/convert_frame.py:1339]                         ^^^^^^^^^^^^^^^^^^^^^^^^^^^^^^^
W0916 20:00:43.715000 3410711 site-packages/torch/_dynamo/convert_frame.py:1339]   File "/home/stoneyey/anaconda3/envs/stablenew/lib/python3.11/site-packages/torch/_inductor/compile_fx.py", line 860, in _compile_fx_inner
W0916 20:00:43.715000 3410711 site-packages/torch/_dynamo/convert_frame.py:1339]     (key_info, cache_info) = FxGraphCache.prepare_key(
W0916 20:00:43.715000 3410711 site-packages/torch/_dynamo/convert_frame.py:1339]                              ^^^^^^^^^^^^^^^^^^^^^^^^^
W0916 20:00:43.715000 3410711 site-packages/torch/_dynamo/convert_frame.py:1339]   File "/home/stoneyey/anaconda3/envs/stablenew/lib/python3.11/site-packages/torch/_inductor/codecache.py", line 1474, in prepare_key
W0916 20:00:43.715000 3410711 site-packages/torch/_dynamo/convert_frame.py:1339]     key, debug_lines = compiled_fx_graph_hash(
W0916 20:00:43.715000 3410711 site-packages/torch/_dynamo/convert_frame.py:1339]                        ^^^^^^^^^^^^^^^^^^^^^^^
W0916 20:00:43.715000 3410711 site-packages/torch/_dynamo/convert_frame.py:1339]   File "/home/stoneyey/anaconda3/envs/stablenew/lib/python3.11/site-packages/torch/_inductor/codecache.py", line 960, in compiled_fx_graph_hash
W0916 20:00:43.715000 3410711 site-packages/torch/_dynamo/convert_frame.py:1339]     details = FxGraphHashDetails(gm, example_inputs, fx_kwargs, inputs_to_check)
W0916 20:00:43.715000 3410711 site-packages/torch/_dynamo/convert_frame.py:1339]               ^^^^^^^^^^^^^^^^^^^^^^^^^^^^^^^^^^^^^^^^^^^^^^^^^^^^^^^^^^^^^^^^^^
W0916 20:00:43.715000 3410711 site-packages/torch/_dynamo/convert_frame.py:1339]   File "/home/stoneyey/anaconda3/envs/stablenew/lib/python3.11/site-packages/torch/_inductor/codecache.py", line 896, in __init__
W0916 20:00:43.715000 3410711 site-packages/torch/_dynamo/convert_frame.py:1339]     self.system_info = CacheBase.get_system()
W0916 20:00:43.715000 3410711 site-packages/torch/_dynamo/convert_frame.py:1339]                        ^^^^^^^^^^^^^^^^^^^^^^
W0916 20:00:43.715000 3410711 site-packages/torch/_dynamo/convert_frame.py:1339]   File "/home/stoneyey/anaconda3/envs/stablenew/lib/python3.11/site-packages/torch/_inductor/codecache.py", line 205, in get_system
W0916 20:00:43.715000 3410711 site-packages/torch/_dynamo/convert_frame.py:1339]     from triton.compiler.compiler import triton_key
W0916 20:00:43.715000 3410711 site-packages/torch/_dynamo/convert_frame.py:1339] torch._dynamo.exc.BackendCompilerFailed: backend='inductor' raised:
W0916 20:00:43.715000 3410711 site-packages/torch/_dynamo/convert_frame.py:1339] ImportError: cannot import name 'triton_key' from 'triton.compiler.compiler' (/home/stoneyey/anaconda3/envs/stablenew/lib/python3.11/site-packages/triton/compiler/compiler.py)
W0916 20:00:43.715000 3410711 site-packages/torch/_dynamo/convert_frame.py:1339] 
W0916 20:00:43.715000 3410711 site-packages/torch/_dynamo/convert_frame.py:1339] Set TORCHDYNAMO_VERBOSE=1 for the internal stack trace (please do this especially if you're reporting a bug to PyTorch). For even more developer context, set TORCH_LOGS="+dynamo"
W0916 20:00:43.715000 3410711 site-packages/torch/_dynamo/convert_frame.py:1339] 
  20 runs (53s, 2.7s/run)  last: test-p00-alternating-s0 late coh=0.047 clap=nan upd=15
  40 runs (106s, 2.6s/run)  last: test-p00-zigzag-s0 topk_dc_const coh=0.191 clap=nan upd=15
  60 runs (158s, 2.6s/run)  last: test-p01-alternating-s0 late coh=0.239 clap=nan upd=15
  80 runs (210s, 2.6s/run)  last: test-p01-zigzag-s0 topk_dc_const coh=0.000 clap=nan upd=15
  100 runs (263s, 2.6s/run)  last: test-p02-alternating-s0 late coh=0.000 clap=nan upd=15
  120 runs (315s, 2.6s/run)  last: test-p02-zigzag-s0 topk_dc_const coh=0.263 clap=nan upd=15
  140 runs (367s, 2.6s/run)  last: test-p03-alternating-s0 late coh=0.082 clap=nan upd=15
  160 runs (419s, 2.6s/run)  last: test-p03-zigzag-s0 topk_dc_const coh=0.000 clap=nan upd=15
  180 runs (471s, 2.6s/run)  last: test-p04-alternating-s0 late coh=0.500 clap=nan upd=15
  200 runs (524s, 2.6s/run)  last: test-p04-zigzag-s0 topk_dc_const coh=0.467 clap=nan upd=15
  220 runs (576s, 2.6s/run)  last: test-p05-alternating-s0 late coh=0.143 clap=nan upd=15
  240 runs (628s, 2.6s/run)  last: test-p05-zigzag-s0 topk_dc_const coh=0.255 clap=nan upd=15
  260 runs (680s, 2.6s/run)  last: test-p06-alternating-s0 late coh=0.007 clap=nan upd=15
  280 runs (733s, 2.6s/run)  last: test-p06-zigzag-s0 topk_dc_const coh=0.235 clap=nan upd=15
  300 runs (785s, 2.6s/run)  last: test-p07-alternating-s0 late coh=0.000 clap=nan upd=15
  320 runs (837s, 2.6s/run)  last: test-p07-zigzag-s0 topk_dc_const coh=0.460 clap=nan upd=15
  340 runs (889s, 2.6s/run)  last: test-p08-alternating-s0 late coh=0.054 clap=nan upd=15
  360 runs (941s, 2.6s/run)  last: test-p08-zigzag-s0 topk_dc_const coh=0.671 clap=nan upd=15
  380 runs (994s, 2.6s/run)  last: test-p09-alternating-s0 late coh=0.200 clap=nan upd=15
  400 runs (1046s, 2.6s/run)  last: test-p09-zigzag-s0 topk_dc_const coh=0.567 clap=nan upd=15
FAD skipped (clap=False, ref_dir exists=True)
/home/stoneyey/w2s/w2s/metrics.py:213: RuntimeWarning: Mean of empty slice.
  return PairedResult(int(len(d)), float(a.mean()), float(b.mean()), mean, lo, hi, p)
/home/stoneyey/anaconda3/envs/stablenew/lib/python3.11/site-packages/numpy/_core/_methods.py:144: RuntimeWarning: invalid value encountered in scalar divide
  ret = ret.dtype.type(ret / rcount)
          method   n  coherence_mlsp  chroma_cos  clap  n_updates  runtime_s  p_coherence_mlsp_vs_mlsp_holm  p_clap_vs_sao_holm
0            sao  50           0.094       0.225   NaN        0.0      1.439                          0.000                 NaN
1          early  50           0.440       0.474   NaN       15.0      1.457                          0.001                 NaN
2            mid  49           0.403       0.446   NaN       15.0      1.454                          0.002                 NaN
3           late  49           0.181       0.339   NaN       15.0      1.455                          0.004                 NaN
4        uniform  50           0.434       0.491   NaN       15.0      1.455                          0.000                 NaN
5           mlsp  50           0.277       0.396   NaN       15.0      1.455                            NaN                 NaN
6    rapg_cal_dc  50           0.466       0.488   NaN       15.0      1.455                          0.000                 NaN
7  topk_dc_const  50           0.442       0.476   NaN       15.0      1.455                          0.002                 NaN

per-melody coherence:
 melody         alternating  ascending  descending  pedal  zigzag
method                                                          
early                0.459      0.420       0.307  0.673   0.340
late                 0.127      0.182       0.133  0.283   0.182
mid                  0.397      0.395       0.281  0.604   0.336
mlsp                 0.221      0.308       0.216  0.399   0.241
rapg_cal_dc          0.442      0.399       0.328  0.804   0.354
sao                  0.069      0.107       0.052  0.145   0.097
topk_dc_const        0.478      0.363       0.326  0.733   0.311
uniform              0.369      0.428       0.341  0.690   0.343
done: 400 new runs in 1046s
