# job=023_sao_randburst exit=0 duration_s=319 host=stone-ye-PC finished=2026-09-21T17:49:38-04:00
# (last 4000 lines; full log: runner/logs/023_sao_randburst.full.log on stone-ye-PC)
Loading pipeline components...:   0%|          | 0/6 [00:00<?, ?it/s]
Loading weights:   0%|          | 0/99 [00:00<?, ?it/s][A
Loading weights:  96%|█████████▌| 95/99 [00:00<00:00, 903.90it/s][ALoading weights: 100%|██████████| 99/99 [00:00<00:00, 778.61it/s]
Loading pipeline components...:  17%|█▋        | 1/6 [00:00<00:00,  6.02it/s]/home/stoneyey/anaconda3/envs/mic/lib/python3.10/site-packages/torch/nn/utils/weight_norm.py:144: FutureWarning: `torch.nn.utils.weight_norm` is deprecated in favor of `torch.nn.utils.parametrizations.weight_norm`.
  WeightNorm.apply(module, name, dim)
Loading pipeline components...:  33%|███▎      | 2/6 [00:00<00:01,  3.72it/s]Loading pipeline components...:  67%|██████▋   | 4/6 [00:02<00:01,  1.48it/s]Loading pipeline components...:  83%|████████▎ | 5/6 [00:02<00:00,  1.95it/s]Loading pipeline components...: 100%|██████████| 6/6 [00:02<00:00,  2.40it/s]
[backend] alpha=0.05 random_grad=True
Loading weights:   0%|          | 0/447 [00:00<?, ?it/s]Loading weights: 100%|██████████| 447/447 [00:00<00:00, 25117.95it/s]
[evalclip] CLAP loaded: laion/clap-htsat-unfused on cuda:0
50 trials x 1 positions, burst=3, lambda=0.1
/home/stoneyey/anaconda3/envs/mic/lib/python3.10/site-packages/torchsde/_brownian/brownian_interval.py:608: UserWarning: Should have tb<=t1 but got tb=500.00006103515625 and t1=500.0.
  warnings.warn(f"Should have {tb_name}<=t1 but got {tb_name}={tb} and t1={self._end}.")
/home/stoneyey/anaconda3/envs/mic/lib/python3.10/site-packages/torchsde/_brownian/brownian_interval.py:599: UserWarning: Should have ta>=t0 but got ta=0.29999998211860657 and t0=0.3.
  warnings.warn(f"Should have ta>=t0 but got ta={ta} and t0={self._start}.")
/home/stoneyey/anaconda3/envs/mic/lib/python3.10/site-packages/torchsde/_brownian/brownian_interval.py:599: UserWarning: Should have ta>=t0 but got ta=0.0 and t0=0.3.
  warnings.warn(f"Should have ta>=t0 but got ta={ta} and t0={self._start}.")
/home/stoneyey/anaconda3/envs/mic/lib/python3.10/site-packages/torchsde/_brownian/brownian_interval.py:602: UserWarning: Should have tb>=t0 but got tb=0.29999998211860657 and t0=0.3.
  warnings.warn(f"Should have {tb_name}>=t0 but got {tb_name}={tb} and t0={self._start}.")
/home/stoneyey/anaconda3/envs/mic/lib/python3.10/site-packages/torchsde/_brownian/brownian_interval.py:608: UserWarning: Should have tb<=t1 but got tb=500.00006103515625 and t1=500.0.
  warnings.warn(f"Should have {tb_name}<=t1 but got {tb_name}={tb} and t1={self._end}.")
/home/stoneyey/anaconda3/envs/mic/lib/python3.10/site-packages/torchsde/_brownian/brownian_interval.py:599: UserWarning: Should have ta>=t0 but got ta=0.29999998211860657 and t0=0.3.
  warnings.warn(f"Should have ta>=t0 but got ta={ta} and t0={self._start}.")
/home/stoneyey/anaconda3/envs/mic/lib/python3.10/site-packages/torchsde/_brownian/brownian_interval.py:599: UserWarning: Should have ta>=t0 but got ta=0.0 and t0=0.3.
  warnings.warn(f"Should have ta>=t0 but got ta={ta} and t0={self._start}.")
/home/stoneyey/anaconda3/envs/mic/lib/python3.10/site-packages/torchsde/_brownian/brownian_interval.py:602: UserWarning: Should have tb>=t0 but got tb=0.29999998211860657 and t0=0.3.
  warnings.warn(f"Should have {tb_name}>=t0 but got {tb_name}={tb} and t0={self._start}.")
  10 new runs, 63s  last: pos=26 R=0.31 coh=0.086 clap=0.190
  20 new runs, 125s  last: pos=26 R=0.31 coh=0.201 clap=0.259
  30 new runs, 187s  last: pos=26 R=0.31 coh=0.052 clap=0.154
  40 new runs, 249s  last: pos=26 R=0.31 coh=0.144 clap=0.291
  50 new runs, 310s  last: pos=26 R=0.30 coh=0.205 clap=0.263
   position   R_at  d_coherence_mlsp  d_coherence_mlsp_lo  d_coherence_mlsp_hi  d_clap  logmel_l1  d_bce0
0        26  0.292             0.003               -0.004                0.011  -0.006      0.093     0.0
/home/stoneyey/anaconda3/envs/mic/lib/python3.10/site-packages/numpy/lib/_function_base_impl.py:3037: RuntimeWarning: Degrees of freedom <= 0 for slice
  c = cov(x, y, rowvar, dtype=dtype)
/home/stoneyey/anaconda3/envs/mic/lib/python3.10/site-packages/numpy/lib/_function_base_impl.py:2894: RuntimeWarning: divide by zero encountered in divide
  c *= np.true_divide(1, fact)
/home/stoneyey/anaconda3/envs/mic/lib/python3.10/site-packages/numpy/lib/_function_base_impl.py:2894: RuntimeWarning: invalid value encountered in multiply
  c *= np.true_divide(1, fact)
{'argmax_dcoh_pos': 26, 'argmin_dclap_pos': 26, 'corr_R_dcoh': nan, 'corr_dcoh_dclap': nan, 'corr_dcoh_dbce0': nan}
/home/stoneyey/anaconda3/envs/mic/lib/python3.10/site-packages/matplotlib/cbook.py:1719: FutureWarning: Calling float on a single element Series is deprecated and will raise a TypeError in the future. Use float(ser.iloc[0]) instead
  return math.isfinite(val)
done in 311s
