# job=024_sa3_randburst exit=0 duration_s=241 host=stone-ye-PC finished=2026-09-21T17:53:42-04:00
# (last 4000 lines; full log: runner/logs/024_sa3_randburst.full.log on stone-ye-PC)
No module named 'flash_attn'
flash_attn not installed, disabling Flash Attention
No module named 'flash_attn'
flash_attn varlen/bert_padding not available, disabling varlen attention
/home/stoneyey/anaconda3/envs/stablenew/lib/python3.11/site-packages/lightning_fabric/__init__.py:40: pkg_resources is deprecated as an API. See https://setuptools.pypa.io/en/latest/pkg_resources.html. The pkg_resources package is slated for removal as early as 2025-11-30. Refrain from using this package or pin to Setuptools<81.
/home/stoneyey/anaconda3/envs/stablenew/lib/python3.11/site-packages/torch/nn/utils/weight_norm.py:144: FutureWarning: `torch.nn.utils.weight_norm` is deprecated in favor of `torch.nn.utils.parametrizations.weight_norm`.
  WeightNorm.apply(module, name, dim)
[backend] alpha=0.05 random_grad=True
50 trials x 1 positions, burst=3, lambda=0.1
W0921 17:49:55.907000 560355 site-packages/torch/_dynamo/convert_frame.py:1339] WON'T CONVERT flex_attention /home/stoneyey/anaconda3/envs/stablenew/lib/python3.11/site-packages/torch/nn/attention/flex_attention.py line 1234 
W0921 17:49:55.907000 560355 site-packages/torch/_dynamo/convert_frame.py:1339] due to: 
W0921 17:49:55.907000 560355 site-packages/torch/_dynamo/convert_frame.py:1339] Traceback (most recent call last):
W0921 17:49:55.907000 560355 site-packages/torch/_dynamo/convert_frame.py:1339]   File "/home/stoneyey/anaconda3/envs/stablenew/lib/python3.11/site-packages/torch/_dynamo/convert_frame.py", line 1272, in __call__
W0921 17:49:55.907000 560355 site-packages/torch/_dynamo/convert_frame.py:1339]     result = self._inner_convert(
W0921 17:49:55.907000 560355 site-packages/torch/_dynamo/convert_frame.py:1339]              ^^^^^^^^^^^^^^^^^^^^
W0921 17:49:55.907000 560355 site-packages/torch/_dynamo/convert_frame.py:1339]   File "/home/stoneyey/anaconda3/envs/stablenew/lib/python3.11/site-packages/torch/_dynamo/convert_frame.py", line 629, in __call__
W0921 17:49:55.907000 560355 site-packages/torch/_dynamo/convert_frame.py:1339]     return _compile(
W0921 17:49:55.907000 560355 site-packages/torch/_dynamo/convert_frame.py:1339]            ^^^^^^^^^
W0921 17:49:55.907000 560355 site-packages/torch/_dynamo/convert_frame.py:1339]   File "/home/stoneyey/anaconda3/envs/stablenew/lib/python3.11/site-packages/torch/_dynamo/convert_frame.py", line 1111, in _compile
W0921 17:49:55.907000 560355 site-packages/torch/_dynamo/convert_frame.py:1339]     guarded_code = compile_inner(code, one_graph, hooks, transform)
W0921 17:49:55.907000 560355 site-packages/torch/_dynamo/convert_frame.py:1339]                    ^^^^^^^^^^^^^^^^^^^^^^^^^^^^^^^^^^^^^^^^^^^^^^^^
W0921 17:49:55.907000 560355 site-packages/torch/_dynamo/convert_frame.py:1339]   File "/home/stoneyey/anaconda3/envs/stablenew/lib/python3.11/site-packages/torch/_utils_internal.py", line 97, in wrapper_function
W0921 17:49:55.907000 560355 site-packages/torch/_dynamo/convert_frame.py:1339]     return function(*args, **kwargs)
W0921 17:49:55.907000 560355 site-packages/torch/_dynamo/convert_frame.py:1339]            ^^^^^^^^^^^^^^^^^^^^^^^^^
W0921 17:49:55.907000 560355 site-packages/torch/_dynamo/convert_frame.py:1339]   File "/home/stoneyey/anaconda3/envs/stablenew/lib/python3.11/site-packages/torch/_dynamo/convert_frame.py", line 793, in compile_inner
W0921 17:49:55.907000 560355 site-packages/torch/_dynamo/convert_frame.py:1339]     return _compile_inner(code, one_graph, hooks, transform)
W0921 17:49:55.907000 560355 site-packages/torch/_dynamo/convert_frame.py:1339]            ^^^^^^^^^^^^^^^^^^^^^^^^^^^^^^^^^^^^^^^^^^^^^^^^^
W0921 17:49:55.907000 560355 site-packages/torch/_dynamo/convert_frame.py:1339]   File "/home/stoneyey/anaconda3/envs/stablenew/lib/python3.11/site-packages/torch/_dynamo/convert_frame.py", line 832, in _compile_inner
W0921 17:49:55.907000 560355 site-packages/torch/_dynamo/convert_frame.py:1339]     out_code = transform_code_object(code, transform)
W0921 17:49:55.907000 560355 site-packages/torch/_dynamo/convert_frame.py:1339]                ^^^^^^^^^^^^^^^^^^^^^^^^^^^^^^^^^^^^^^
W0921 17:49:55.907000 560355 site-packages/torch/_dynamo/convert_frame.py:1339]   File "/home/stoneyey/anaconda3/envs/stablenew/lib/python3.11/site-packages/torch/_dynamo/bytecode_transformation.py", line 1424, in transform_code_object
W0921 17:49:55.907000 560355 site-packages/torch/_dynamo/convert_frame.py:1339]     transformations(instructions, code_options)
W0921 17:49:55.907000 560355 site-packages/torch/_dynamo/convert_frame.py:1339]   File "/home/stoneyey/anaconda3/envs/stablenew/lib/python3.11/site-packages/torch/_dynamo/convert_frame.py", line 267, in _fn
W0921 17:49:55.907000 560355 site-packages/torch/_dynamo/convert_frame.py:1339]     return fn(*args, **kwargs)
W0921 17:49:55.907000 560355 site-packages/torch/_dynamo/convert_frame.py:1339]            ^^^^^^^^^^^^^^^^^^^
W0921 17:49:55.907000 560355 site-packages/torch/_dynamo/convert_frame.py:1339]   File "/home/stoneyey/anaconda3/envs/stablenew/lib/python3.11/site-packages/torch/_dynamo/convert_frame.py", line 753, in transform
W0921 17:49:55.907000 560355 site-packages/torch/_dynamo/convert_frame.py:1339]     tracer.run()
W0921 17:49:55.907000 560355 site-packages/torch/_dynamo/convert_frame.py:1339]   File "/home/stoneyey/anaconda3/envs/stablenew/lib/python3.11/site-packages/torch/_dynamo/symbolic_convert.py", line 3497, in run
W0921 17:49:55.907000 560355 site-packages/torch/_dynamo/convert_frame.py:1339]     super().run()
W0921 17:49:55.907000 560355 site-packages/torch/_dynamo/convert_frame.py:1339]   File "/home/stoneyey/anaconda3/envs/stablenew/lib/python3.11/site-packages/torch/_dynamo/symbolic_convert.py", line 1363, in run
W0921 17:49:55.907000 560355 site-packages/torch/_dynamo/convert_frame.py:1339]     while self.step():
W0921 17:49:55.907000 560355 site-packages/torch/_dynamo/convert_frame.py:1339]           ^^^^^^^^^^^
W0921 17:49:55.907000 560355 site-packages/torch/_dynamo/convert_frame.py:1339]   File "/home/stoneyey/anaconda3/envs/stablenew/lib/python3.11/site-packages/torch/_dynamo/symbolic_convert.py", line 1267, in step
W0921 17:49:55.907000 560355 site-packages/torch/_dynamo/convert_frame.py:1339]     self.dispatch_table[inst.opcode](self, inst)
W0921 17:49:55.907000 560355 site-packages/torch/_dynamo/convert_frame.py:1339]   File "/home/stoneyey/anaconda3/envs/stablenew/lib/python3.11/site-packages/torch/_dynamo/symbolic_convert.py", line 3672, in RETURN_VALUE
W0921 17:49:55.907000 560355 site-packages/torch/_dynamo/convert_frame.py:1339]     self._return(inst)
W0921 17:49:55.907000 560355 site-packages/torch/_dynamo/convert_frame.py:1339]   File "/home/stoneyey/anaconda3/envs/stablenew/lib/python3.11/site-packages/torch/_dynamo/symbolic_convert.py", line 3653, in _return
W0921 17:49:55.907000 560355 site-packages/torch/_dynamo/convert_frame.py:1339]     all_stack_locals_metadata = self.output.compile_subgraph(
W0921 17:49:55.907000 560355 site-packages/torch/_dynamo/convert_frame.py:1339]                                 ^^^^^^^^^^^^^^^^^^^^^^^^^^^^^
W0921 17:49:55.907000 560355 site-packages/torch/_dynamo/convert_frame.py:1339]   File "/home/stoneyey/anaconda3/envs/stablenew/lib/python3.11/site-packages/torch/_dynamo/output_graph.py", line 1382, in compile_subgraph
W0921 17:49:55.907000 560355 site-packages/torch/_dynamo/convert_frame.py:1339]     self.compile_and_call_fx_graph(
W0921 17:49:55.907000 560355 site-packages/torch/_dynamo/convert_frame.py:1339]   File "/home/stoneyey/anaconda3/envs/stablenew/lib/python3.11/site-packages/torch/_dynamo/output_graph.py", line 1696, in compile_and_call_fx_graph
W0921 17:49:55.907000 560355 site-packages/torch/_dynamo/convert_frame.py:1339]     compiled_fn = self.call_user_compiler(gm, self.example_inputs())
W0921 17:49:55.907000 560355 site-packages/torch/_dynamo/convert_frame.py:1339]                   ^^^^^^^^^^^^^^^^^^^^^^^^^^^^^^^^^^^^^^^^^^^^^^^^^^
W0921 17:49:55.907000 560355 site-packages/torch/_dynamo/convert_frame.py:1339]   File "/home/stoneyey/anaconda3/envs/stablenew/lib/python3.11/site-packages/torch/_dynamo/output_graph.py", line 1811, in call_user_compiler
W0921 17:49:55.907000 560355 site-packages/torch/_dynamo/convert_frame.py:1339]     return self._call_user_compiler(gm, example_inputs)
W0921 17:49:55.907000 560355 site-packages/torch/_dynamo/convert_frame.py:1339]            ^^^^^^^^^^^^^^^^^^^^^^^^^^^^^^^^^^^^^^^^^^^^
W0921 17:49:55.907000 560355 site-packages/torch/_dynamo/convert_frame.py:1339]   File "/home/stoneyey/anaconda3/envs/stablenew/lib/python3.11/site-packages/torch/_dynamo/output_graph.py", line 1871, in _call_user_compiler
W0921 17:49:55.907000 560355 site-packages/torch/_dynamo/convert_frame.py:1339]     raise BackendCompilerFailed(
W0921 17:49:55.907000 560355 site-packages/torch/_dynamo/convert_frame.py:1339]   File "/home/stoneyey/anaconda3/envs/stablenew/lib/python3.11/site-packages/torch/_dynamo/output_graph.py", line 1846, in _call_user_compiler
W0921 17:49:55.907000 560355 site-packages/torch/_dynamo/convert_frame.py:1339]     compiled_fn = compiler_fn(gm, example_inputs)
W0921 17:49:55.907000 560355 site-packages/torch/_dynamo/convert_frame.py:1339]                   ^^^^^^^^^^^^^^^^^^^^^^^^^^^^^^^
W0921 17:49:55.907000 560355 site-packages/torch/_dynamo/convert_frame.py:1339]   File "/home/stoneyey/anaconda3/envs/stablenew/lib/python3.11/site-packages/torch/_dynamo/repro/after_dynamo.py", line 150, in __call__
W0921 17:49:55.907000 560355 site-packages/torch/_dynamo/convert_frame.py:1339]     compiled_gm = compiler_fn(gm, example_inputs)
W0921 17:49:55.907000 560355 site-packages/torch/_dynamo/convert_frame.py:1339]                   ^^^^^^^^^^^^^^^^^^^^^^^^^^^^^^^
W0921 17:49:55.907000 560355 site-packages/torch/_dynamo/convert_frame.py:1339]   File "/home/stoneyey/anaconda3/envs/stablenew/lib/python3.11/site-packages/torch/__init__.py", line 2380, in __call__
W0921 17:49:55.907000 560355 site-packages/torch/_dynamo/convert_frame.py:1339]     return compile_fx(model_, inputs_, config_patches=self.config)
W0921 17:49:55.907000 560355 site-packages/torch/_dynamo/convert_frame.py:1339]            ^^^^^^^^^^^^^^^^^^^^^^^^^^^^^^^^^^^^^^^^^^^^^^^^^^^^^^^
W0921 17:49:55.907000 560355 site-packages/torch/_dynamo/convert_frame.py:1339]   File "/home/stoneyey/anaconda3/envs/stablenew/lib/python3.11/site-packages/torch/_inductor/compile_fx.py", line 2002, in compile_fx
W0921 17:49:55.907000 560355 site-packages/torch/_dynamo/convert_frame.py:1339]     return compile_fx(
W0921 17:49:55.907000 560355 site-packages/torch/_dynamo/convert_frame.py:1339]            ^^^^^^^^^^^
W0921 17:49:55.907000 560355 site-packages/torch/_dynamo/convert_frame.py:1339]   File "/home/stoneyey/anaconda3/envs/stablenew/lib/python3.11/site-packages/torch/_inductor/compile_fx.py", line 2418, in compile_fx
W0921 17:49:55.907000 560355 site-packages/torch/_dynamo/convert_frame.py:1339]     return aot_autograd(
W0921 17:49:55.907000 560355 site-packages/torch/_dynamo/convert_frame.py:1339]            ^^^^^^^^^^^^^
W0921 17:49:55.907000 560355 site-packages/torch/_dynamo/convert_frame.py:1339]   File "/home/stoneyey/anaconda3/envs/stablenew/lib/python3.11/site-packages/torch/_dynamo/backends/common.py", line 109, in __call__
W0921 17:49:55.907000 560355 site-packages/torch/_dynamo/convert_frame.py:1339]     cg = aot_module_simplified(gm, example_inputs, **self.kwargs)
W0921 17:49:55.907000 560355 site-packages/torch/_dynamo/convert_frame.py:1339]          ^^^^^^^^^^^^^^^^^^^^^^^^^^^^^^^^^^^^^^^^^^^^^^^^^^^^^^^^
W0921 17:49:55.907000 560355 site-packages/torch/_dynamo/convert_frame.py:1339]   File "/home/stoneyey/anaconda3/envs/stablenew/lib/python3.11/site-packages/torch/_functorch/aot_autograd.py", line 1199, in aot_module_simplified
W0921 17:49:55.907000 560355 site-packages/torch/_dynamo/convert_frame.py:1339]     compiled_fn = AOTAutogradCache.load(
W0921 17:49:55.907000 560355 site-packages/torch/_dynamo/convert_frame.py:1339]                   ^^^^^^^^^^^^^^^^^^^^^^
W0921 17:49:55.907000 560355 site-packages/torch/_dynamo/convert_frame.py:1339]   File "/home/stoneyey/anaconda3/envs/stablenew/lib/python3.11/site-packages/torch/_functorch/_aot_autograd/autograd_cache.py", line 1140, in load
W0921 17:49:55.907000 560355 site-packages/torch/_dynamo/convert_frame.py:1339]     compiled_fn = dispatch_and_compile()
W0921 17:49:55.907000 560355 site-packages/torch/_dynamo/convert_frame.py:1339]                   ^^^^^^^^^^^^^^^^^^^^^^
W0921 17:49:55.907000 560355 site-packages/torch/_dynamo/convert_frame.py:1339]   File "/home/stoneyey/anaconda3/envs/stablenew/lib/python3.11/site-packages/torch/_functorch/aot_autograd.py", line 1184, in dispatch_and_compile
W0921 17:49:55.907000 560355 site-packages/torch/_dynamo/convert_frame.py:1339]     compiled_fn, _ = create_aot_dispatcher_function(
W0921 17:49:55.907000 560355 site-packages/torch/_dynamo/convert_frame.py:1339]                      ^^^^^^^^^^^^^^^^^^^^^^^^^^^^^^^
W0921 17:49:55.907000 560355 site-packages/torch/_dynamo/convert_frame.py:1339]   File "/home/stoneyey/anaconda3/envs/stablenew/lib/python3.11/site-packages/torch/_functorch/aot_autograd.py", line 576, in create_aot_dispatcher_function
W0921 17:49:55.907000 560355 site-packages/torch/_dynamo/convert_frame.py:1339]     return _create_aot_dispatcher_function(
W0921 17:49:55.907000 560355 site-packages/torch/_dynamo/convert_frame.py:1339]            ^^^^^^^^^^^^^^^^^^^^^^^^^^^^^^^^
W0921 17:49:55.907000 560355 site-packages/torch/_dynamo/convert_frame.py:1339]   File "/home/stoneyey/anaconda3/envs/stablenew/lib/python3.11/site-packages/torch/_functorch/aot_autograd.py", line 836, in _create_aot_dispatcher_function
W0921 17:49:55.907000 560355 site-packages/torch/_dynamo/convert_frame.py:1339]     compiled_fn, fw_metadata = compiler_fn(
W0921 17:49:55.907000 560355 site-packages/torch/_dynamo/convert_frame.py:1339]                                ^^^^^^^^^^^^
W0921 17:49:55.907000 560355 site-packages/torch/_dynamo/convert_frame.py:1339]   File "/home/stoneyey/anaconda3/envs/stablenew/lib/python3.11/site-packages/torch/_functorch/_aot_autograd/jit_compile_runtime_wrappers.py", line 245, in aot_dispatch_base
W0921 17:49:55.907000 560355 site-packages/torch/_dynamo/convert_frame.py:1339]     compiled_fw = compiler(fw_module, updated_flat_args)
W0921 17:49:55.907000 560355 site-packages/torch/_dynamo/convert_frame.py:1339]                   ^^^^^^^^^^^^^^^^^^^^^^^^^^^^^^^^^^^^^^
W0921 17:49:55.907000 560355 site-packages/torch/_dynamo/convert_frame.py:1339]   File "/home/stoneyey/anaconda3/envs/stablenew/lib/python3.11/site-packages/torch/_functorch/aot_autograd.py", line 483, in __call__
W0921 17:49:55.907000 560355 site-packages/torch/_dynamo/convert_frame.py:1339]     return self.compiler_fn(gm, example_inputs)
W0921 17:49:55.907000 560355 site-packages/torch/_dynamo/convert_frame.py:1339]            ^^^^^^^^^^^^^^^^^^^^^^^^^^^^^^^^^^^^
W0921 17:49:55.907000 560355 site-packages/torch/_dynamo/convert_frame.py:1339]   File "/home/stoneyey/anaconda3/envs/stablenew/lib/python3.11/site-packages/torch/_inductor/compile_fx.py", line 2250, in fw_compiler_base
W0921 17:49:55.907000 560355 site-packages/torch/_dynamo/convert_frame.py:1339]     return inner_compile(
W0921 17:49:55.907000 560355 site-packages/torch/_dynamo/convert_frame.py:1339]            ^^^^^^^^^^^^^^
W0921 17:49:55.907000 560355 site-packages/torch/_dynamo/convert_frame.py:1339]   File "/home/stoneyey/anaconda3/envs/stablenew/lib/python3.11/contextlib.py", line 81, in inner
W0921 17:49:55.907000 560355 site-packages/torch/_dynamo/convert_frame.py:1339]     return func(*args, **kwds)
W0921 17:49:55.907000 560355 site-packages/torch/_dynamo/convert_frame.py:1339]            ^^^^^^^^^^^^^^^^^^^
W0921 17:49:55.907000 560355 site-packages/torch/_dynamo/convert_frame.py:1339]   File "/home/stoneyey/anaconda3/envs/stablenew/lib/python3.11/site-packages/torch/_inductor/compile_fx.py", line 745, in compile_fx_inner
W0921 17:49:55.907000 560355 site-packages/torch/_dynamo/convert_frame.py:1339]     return wrap_compiler_debug(_compile_fx_inner, compiler_name="inductor")(
W0921 17:49:55.907000 560355 site-packages/torch/_dynamo/convert_frame.py:1339]            ^^^^^^^^^^^^^^^^^^^^^^^^^^^^^^^^^^^^^^^^^^^^^^^^^^^^^^^^^^^^^^^^^
W0921 17:49:55.907000 560355 site-packages/torch/_dynamo/convert_frame.py:1339]   File "/home/stoneyey/anaconda3/envs/stablenew/lib/python3.11/site-packages/torch/_dynamo/repro/after_aot.py", line 124, in debug_wrapper
W0921 17:49:55.907000 560355 site-packages/torch/_dynamo/convert_frame.py:1339]     inner_compiled_fn = compiler_fn(gm, example_inputs)
W0921 17:49:55.907000 560355 site-packages/torch/_dynamo/convert_frame.py:1339]                         ^^^^^^^^^^^^^^^^^^^^^^^^^^^^^^^
W0921 17:49:55.907000 560355 site-packages/torch/_dynamo/convert_frame.py:1339]   File "/home/stoneyey/anaconda3/envs/stablenew/lib/python3.11/site-packages/torch/_inductor/compile_fx.py", line 860, in _compile_fx_inner
W0921 17:49:55.907000 560355 site-packages/torch/_dynamo/convert_frame.py:1339]     (key_info, cache_info) = FxGraphCache.prepare_key(
W0921 17:49:55.907000 560355 site-packages/torch/_dynamo/convert_frame.py:1339]                              ^^^^^^^^^^^^^^^^^^^^^^^^^
W0921 17:49:55.907000 560355 site-packages/torch/_dynamo/convert_frame.py:1339]   File "/home/stoneyey/anaconda3/envs/stablenew/lib/python3.11/site-packages/torch/_inductor/codecache.py", line 1474, in prepare_key
W0921 17:49:55.907000 560355 site-packages/torch/_dynamo/convert_frame.py:1339]     key, debug_lines = compiled_fx_graph_hash(
W0921 17:49:55.907000 560355 site-packages/torch/_dynamo/convert_frame.py:1339]                        ^^^^^^^^^^^^^^^^^^^^^^^
W0921 17:49:55.907000 560355 site-packages/torch/_dynamo/convert_frame.py:1339]   File "/home/stoneyey/anaconda3/envs/stablenew/lib/python3.11/site-packages/torch/_inductor/codecache.py", line 960, in compiled_fx_graph_hash
W0921 17:49:55.907000 560355 site-packages/torch/_dynamo/convert_frame.py:1339]     details = FxGraphHashDetails(gm, example_inputs, fx_kwargs, inputs_to_check)
W0921 17:49:55.907000 560355 site-packages/torch/_dynamo/convert_frame.py:1339]               ^^^^^^^^^^^^^^^^^^^^^^^^^^^^^^^^^^^^^^^^^^^^^^^^^^^^^^^^^^^^^^^^^^
W0921 17:49:55.907000 560355 site-packages/torch/_dynamo/convert_frame.py:1339]   File "/home/stoneyey/anaconda3/envs/stablenew/lib/python3.11/site-packages/torch/_inductor/codecache.py", line 896, in __init__
W0921 17:49:55.907000 560355 site-packages/torch/_dynamo/convert_frame.py:1339]     self.system_info = CacheBase.get_system()
W0921 17:49:55.907000 560355 site-packages/torch/_dynamo/convert_frame.py:1339]                        ^^^^^^^^^^^^^^^^^^^^^^
W0921 17:49:55.907000 560355 site-packages/torch/_dynamo/convert_frame.py:1339]   File "/home/stoneyey/anaconda3/envs/stablenew/lib/python3.11/site-packages/torch/_inductor/codecache.py", line 205, in get_system
W0921 17:49:55.907000 560355 site-packages/torch/_dynamo/convert_frame.py:1339]     from triton.compiler.compiler import triton_key
W0921 17:49:55.907000 560355 site-packages/torch/_dynamo/convert_frame.py:1339] torch._dynamo.exc.BackendCompilerFailed: backend='inductor' raised:
W0921 17:49:55.907000 560355 site-packages/torch/_dynamo/convert_frame.py:1339] ImportError: cannot import name 'triton_key' from 'triton.compiler.compiler' (/home/stoneyey/anaconda3/envs/stablenew/lib/python3.11/site-packages/triton/compiler/compiler.py)
W0921 17:49:55.907000 560355 site-packages/torch/_dynamo/convert_frame.py:1339] 
W0921 17:49:55.907000 560355 site-packages/torch/_dynamo/convert_frame.py:1339] Set TORCHDYNAMO_VERBOSE=1 for the internal stack trace (please do this especially if you're reporting a bug to PyTorch). For even more developer context, set TORCH_LOGS="+dynamo"
W0921 17:49:55.907000 560355 site-packages/torch/_dynamo/convert_frame.py:1339] 
W0921 17:49:55.907000 560355 site-packages/torch/_dynamo/convert_frame.py:1339] Traceback (most recent call last):
W0921 17:49:55.907000 560355 site-packages/torch/_dynamo/convert_frame.py:1339]   File "/home/stoneyey/anaconda3/envs/stablenew/lib/python3.11/site-packages/torch/_dynamo/convert_frame.py", line 1272, in __call__
W0921 17:49:55.907000 560355 site-packages/torch/_dynamo/convert_frame.py:1339]     result = self._inner_convert(
W0921 17:49:55.907000 560355 site-packages/torch/_dynamo/convert_frame.py:1339]              ^^^^^^^^^^^^^^^^^^^^
W0921 17:49:55.907000 560355 site-packages/torch/_dynamo/convert_frame.py:1339]   File "/home/stoneyey/anaconda3/envs/stablenew/lib/python3.11/site-packages/torch/_dynamo/convert_frame.py", line 629, in __call__
W0921 17:49:55.907000 560355 site-packages/torch/_dynamo/convert_frame.py:1339]     return _compile(
W0921 17:49:55.907000 560355 site-packages/torch/_dynamo/convert_frame.py:1339]            ^^^^^^^^^
W0921 17:49:55.907000 560355 site-packages/torch/_dynamo/convert_frame.py:1339]   File "/home/stoneyey/anaconda3/envs/stablenew/lib/python3.11/site-packages/torch/_dynamo/convert_frame.py", line 1111, in _compile
W0921 17:49:55.907000 560355 site-packages/torch/_dynamo/convert_frame.py:1339]     guarded_code = compile_inner(code, one_graph, hooks, transform)
W0921 17:49:55.907000 560355 site-packages/torch/_dynamo/convert_frame.py:1339]                    ^^^^^^^^^^^^^^^^^^^^^^^^^^^^^^^^^^^^^^^^^^^^^^^^
W0921 17:49:55.907000 560355 site-packages/torch/_dynamo/convert_frame.py:1339]   File "/home/stoneyey/anaconda3/envs/stablenew/lib/python3.11/site-packages/torch/_utils_internal.py", line 97, in wrapper_function
W0921 17:49:55.907000 560355 site-packages/torch/_dynamo/convert_frame.py:1339]     return function(*args, **kwargs)
W0921 17:49:55.907000 560355 site-packages/torch/_dynamo/convert_frame.py:1339]            ^^^^^^^^^^^^^^^^^^^^^^^^^
W0921 17:49:55.907000 560355 site-packages/torch/_dynamo/convert_frame.py:1339]   File "/home/stoneyey/anaconda3/envs/stablenew/lib/python3.11/site-packages/torch/_dynamo/convert_frame.py", line 793, in compile_inner
W0921 17:49:55.907000 560355 site-packages/torch/_dynamo/convert_frame.py:1339]     return _compile_inner(code, one_graph, hooks, transform)
W0921 17:49:55.907000 560355 site-packages/torch/_dynamo/convert_frame.py:1339]            ^^^^^^^^^^^^^^^^^^^^^^^^^^^^^^^^^^^^^^^^^^^^^^^^^
W0921 17:49:55.907000 560355 site-packages/torch/_dynamo/convert_frame.py:1339]   File "/home/stoneyey/anaconda3/envs/stablenew/lib/python3.11/site-packages/torch/_dynamo/convert_frame.py", line 832, in _compile_inner
W0921 17:49:55.907000 560355 site-packages/torch/_dynamo/convert_frame.py:1339]     out_code = transform_code_object(code, transform)
W0921 17:49:55.907000 560355 site-packages/torch/_dynamo/convert_frame.py:1339]                ^^^^^^^^^^^^^^^^^^^^^^^^^^^^^^^^^^^^^^
W0921 17:49:55.907000 560355 site-packages/torch/_dynamo/convert_frame.py:1339]   File "/home/stoneyey/anaconda3/envs/stablenew/lib/python3.11/site-packages/torch/_dynamo/bytecode_transformation.py", line 1424, in transform_code_object
W0921 17:49:55.907000 560355 site-packages/torch/_dynamo/convert_frame.py:1339]     transformations(instructions, code_options)
W0921 17:49:55.907000 560355 site-packages/torch/_dynamo/convert_frame.py:1339]   File "/home/stoneyey/anaconda3/envs/stablenew/lib/python3.11/site-packages/torch/_dynamo/convert_frame.py", line 267, in _fn
W0921 17:49:55.907000 560355 site-packages/torch/_dynamo/convert_frame.py:1339]     return fn(*args, **kwargs)
W0921 17:49:55.907000 560355 site-packages/torch/_dynamo/convert_frame.py:1339]            ^^^^^^^^^^^^^^^^^^^
W0921 17:49:55.907000 560355 site-packages/torch/_dynamo/convert_frame.py:1339]   File "/home/stoneyey/anaconda3/envs/stablenew/lib/python3.11/site-packages/torch/_dynamo/convert_frame.py", line 753, in transform
W0921 17:49:55.907000 560355 site-packages/torch/_dynamo/convert_frame.py:1339]     tracer.run()
W0921 17:49:55.907000 560355 site-packages/torch/_dynamo/convert_frame.py:1339]   File "/home/stoneyey/anaconda3/envs/stablenew/lib/python3.11/site-packages/torch/_dynamo/symbolic_convert.py", line 3497, in run
W0921 17:49:55.907000 560355 site-packages/torch/_dynamo/convert_frame.py:1339]     super().run()
W0921 17:49:55.907000 560355 site-packages/torch/_dynamo/convert_frame.py:1339]   File "/home/stoneyey/anaconda3/envs/stablenew/lib/python3.11/site-packages/torch/_dynamo/symbolic_convert.py", line 1363, in run
W0921 17:49:55.907000 560355 site-packages/torch/_dynamo/convert_frame.py:1339]     while self.step():
W0921 17:49:55.907000 560355 site-packages/torch/_dynamo/convert_frame.py:1339]           ^^^^^^^^^^^
W0921 17:49:55.907000 560355 site-packages/torch/_dynamo/convert_frame.py:1339]   File "/home/stoneyey/anaconda3/envs/stablenew/lib/python3.11/site-packages/torch/_dynamo/symbolic_convert.py", line 1267, in step
W0921 17:49:55.907000 560355 site-packages/torch/_dynamo/convert_frame.py:1339]     self.dispatch_table[inst.opcode](self, inst)
W0921 17:49:55.907000 560355 site-packages/torch/_dynamo/convert_frame.py:1339]   File "/home/stoneyey/anaconda3/envs/stablenew/lib/python3.11/site-packages/torch/_dynamo/symbolic_convert.py", line 3672, in RETURN_VALUE
W0921 17:49:55.907000 560355 site-packages/torch/_dynamo/convert_frame.py:1339]     self._return(inst)
W0921 17:49:55.907000 560355 site-packages/torch/_dynamo/convert_frame.py:1339]   File "/home/stoneyey/anaconda3/envs/stablenew/lib/python3.11/site-packages/torch/_dynamo/symbolic_convert.py", line 3653, in _return
W0921 17:49:55.907000 560355 site-packages/torch/_dynamo/convert_frame.py:1339]     all_stack_locals_metadata = self.output.compile_subgraph(
W0921 17:49:55.907000 560355 site-packages/torch/_dynamo/convert_frame.py:1339]                                 ^^^^^^^^^^^^^^^^^^^^^^^^^^^^^
W0921 17:49:55.907000 560355 site-packages/torch/_dynamo/convert_frame.py:1339]   File "/home/stoneyey/anaconda3/envs/stablenew/lib/python3.11/site-packages/torch/_dynamo/output_graph.py", line 1382, in compile_subgraph
W0921 17:49:55.907000 560355 site-packages/torch/_dynamo/convert_frame.py:1339]     self.compile_and_call_fx_graph(
W0921 17:49:55.907000 560355 site-packages/torch/_dynamo/convert_frame.py:1339]   File "/home/stoneyey/anaconda3/envs/stablenew/lib/python3.11/site-packages/torch/_dynamo/output_graph.py", line 1696, in compile_and_call_fx_graph
W0921 17:49:55.907000 560355 site-packages/torch/_dynamo/convert_frame.py:1339]     compiled_fn = self.call_user_compiler(gm, self.example_inputs())
W0921 17:49:55.907000 560355 site-packages/torch/_dynamo/convert_frame.py:1339]                   ^^^^^^^^^^^^^^^^^^^^^^^^^^^^^^^^^^^^^^^^^^^^^^^^^^
W0921 17:49:55.907000 560355 site-packages/torch/_dynamo/convert_frame.py:1339]   File "/home/stoneyey/anaconda3/envs/stablenew/lib/python3.11/site-packages/torch/_dynamo/output_graph.py", line 1811, in call_user_compiler
W0921 17:49:55.907000 560355 site-packages/torch/_dynamo/convert_frame.py:1339]     return self._call_user_compiler(gm, example_inputs)
W0921 17:49:55.907000 560355 site-packages/torch/_dynamo/convert_frame.py:1339]            ^^^^^^^^^^^^^^^^^^^^^^^^^^^^^^^^^^^^^^^^^^^^
W0921 17:49:55.907000 560355 site-packages/torch/_dynamo/convert_frame.py:1339]   File "/home/stoneyey/anaconda3/envs/stablenew/lib/python3.11/site-packages/torch/_dynamo/output_graph.py", line 1871, in _call_user_compiler
W0921 17:49:55.907000 560355 site-packages/torch/_dynamo/convert_frame.py:1339]     raise BackendCompilerFailed(
W0921 17:49:55.907000 560355 site-packages/torch/_dynamo/convert_frame.py:1339]   File "/home/stoneyey/anaconda3/envs/stablenew/lib/python3.11/site-packages/torch/_dynamo/output_graph.py", line 1846, in _call_user_compiler
W0921 17:49:55.907000 560355 site-packages/torch/_dynamo/convert_frame.py:1339]     compiled_fn = compiler_fn(gm, example_inputs)
W0921 17:49:55.907000 560355 site-packages/torch/_dynamo/convert_frame.py:1339]                   ^^^^^^^^^^^^^^^^^^^^^^^^^^^^^^^
W0921 17:49:55.907000 560355 site-packages/torch/_dynamo/convert_frame.py:1339]   File "/home/stoneyey/anaconda3/envs/stablenew/lib/python3.11/site-packages/torch/_dynamo/repro/after_dynamo.py", line 150, in __call__
W0921 17:49:55.907000 560355 site-packages/torch/_dynamo/convert_frame.py:1339]     compiled_gm = compiler_fn(gm, example_inputs)
W0921 17:49:55.907000 560355 site-packages/torch/_dynamo/convert_frame.py:1339]                   ^^^^^^^^^^^^^^^^^^^^^^^^^^^^^^^
W0921 17:49:55.907000 560355 site-packages/torch/_dynamo/convert_frame.py:1339]   File "/home/stoneyey/anaconda3/envs/stablenew/lib/python3.11/site-packages/torch/__init__.py", line 2380, in __call__
W0921 17:49:55.907000 560355 site-packages/torch/_dynamo/convert_frame.py:1339]     return compile_fx(model_, inputs_, config_patches=self.config)
W0921 17:49:55.907000 560355 site-packages/torch/_dynamo/convert_frame.py:1339]            ^^^^^^^^^^^^^^^^^^^^^^^^^^^^^^^^^^^^^^^^^^^^^^^^^^^^^^^
W0921 17:49:55.907000 560355 site-packages/torch/_dynamo/convert_frame.py:1339]   File "/home/stoneyey/anaconda3/envs/stablenew/lib/python3.11/site-packages/torch/_inductor/compile_fx.py", line 2002, in compile_fx
W0921 17:49:55.907000 560355 site-packages/torch/_dynamo/convert_frame.py:1339]     return compile_fx(
W0921 17:49:55.907000 560355 site-packages/torch/_dynamo/convert_frame.py:1339]            ^^^^^^^^^^^
W0921 17:49:55.907000 560355 site-packages/torch/_dynamo/convert_frame.py:1339]   File "/home/stoneyey/anaconda3/envs/stablenew/lib/python3.11/site-packages/torch/_inductor/compile_fx.py", line 2418, in compile_fx
W0921 17:49:55.907000 560355 site-packages/torch/_dynamo/convert_frame.py:1339]     return aot_autograd(
W0921 17:49:55.907000 560355 site-packages/torch/_dynamo/convert_frame.py:1339]            ^^^^^^^^^^^^^
W0921 17:49:55.907000 560355 site-packages/torch/_dynamo/convert_frame.py:1339]   File "/home/stoneyey/anaconda3/envs/stablenew/lib/python3.11/site-packages/torch/_dynamo/backends/common.py", line 109, in __call__
W0921 17:49:55.907000 560355 site-packages/torch/_dynamo/convert_frame.py:1339]     cg = aot_module_simplified(gm, example_inputs, **self.kwargs)
W0921 17:49:55.907000 560355 site-packages/torch/_dynamo/convert_frame.py:1339]          ^^^^^^^^^^^^^^^^^^^^^^^^^^^^^^^^^^^^^^^^^^^^^^^^^^^^^^^^
W0921 17:49:55.907000 560355 site-packages/torch/_dynamo/convert_frame.py:1339]   File "/home/stoneyey/anaconda3/envs/stablenew/lib/python3.11/site-packages/torch/_functorch/aot_autograd.py", line 1199, in aot_module_simplified
W0921 17:49:55.907000 560355 site-packages/torch/_dynamo/convert_frame.py:1339]     compiled_fn = AOTAutogradCache.load(
W0921 17:49:55.907000 560355 site-packages/torch/_dynamo/convert_frame.py:1339]                   ^^^^^^^^^^^^^^^^^^^^^^
W0921 17:49:55.907000 560355 site-packages/torch/_dynamo/convert_frame.py:1339]   File "/home/stoneyey/anaconda3/envs/stablenew/lib/python3.11/site-packages/torch/_functorch/_aot_autograd/autograd_cache.py", line 1140, in load
W0921 17:49:55.907000 560355 site-packages/torch/_dynamo/convert_frame.py:1339]     compiled_fn = dispatch_and_compile()
W0921 17:49:55.907000 560355 site-packages/torch/_dynamo/convert_frame.py:1339]                   ^^^^^^^^^^^^^^^^^^^^^^
W0921 17:49:55.907000 560355 site-packages/torch/_dynamo/convert_frame.py:1339]   File "/home/stoneyey/anaconda3/envs/stablenew/lib/python3.11/site-packages/torch/_functorch/aot_autograd.py", line 1184, in dispatch_and_compile
W0921 17:49:55.907000 560355 site-packages/torch/_dynamo/convert_frame.py:1339]     compiled_fn, _ = create_aot_dispatcher_function(
W0921 17:49:55.907000 560355 site-packages/torch/_dynamo/convert_frame.py:1339]                      ^^^^^^^^^^^^^^^^^^^^^^^^^^^^^^^
W0921 17:49:55.907000 560355 site-packages/torch/_dynamo/convert_frame.py:1339]   File "/home/stoneyey/anaconda3/envs/stablenew/lib/python3.11/site-packages/torch/_functorch/aot_autograd.py", line 576, in create_aot_dispatcher_function
W0921 17:49:55.907000 560355 site-packages/torch/_dynamo/convert_frame.py:1339]     return _create_aot_dispatcher_function(
W0921 17:49:55.907000 560355 site-packages/torch/_dynamo/convert_frame.py:1339]            ^^^^^^^^^^^^^^^^^^^^^^^^^^^^^^^^
W0921 17:49:55.907000 560355 site-packages/torch/_dynamo/convert_frame.py:1339]   File "/home/stoneyey/anaconda3/envs/stablenew/lib/python3.11/site-packages/torch/_functorch/aot_autograd.py", line 836, in _create_aot_dispatcher_function
W0921 17:49:55.907000 560355 site-packages/torch/_dynamo/convert_frame.py:1339]     compiled_fn, fw_metadata = compiler_fn(
W0921 17:49:55.907000 560355 site-packages/torch/_dynamo/convert_frame.py:1339]                                ^^^^^^^^^^^^
W0921 17:49:55.907000 560355 site-packages/torch/_dynamo/convert_frame.py:1339]   File "/home/stoneyey/anaconda3/envs/stablenew/lib/python3.11/site-packages/torch/_functorch/_aot_autograd/jit_compile_runtime_wrappers.py", line 245, in aot_dispatch_base
W0921 17:49:55.907000 560355 site-packages/torch/_dynamo/convert_frame.py:1339]     compiled_fw = compiler(fw_module, updated_flat_args)
W0921 17:49:55.907000 560355 site-packages/torch/_dynamo/convert_frame.py:1339]                   ^^^^^^^^^^^^^^^^^^^^^^^^^^^^^^^^^^^^^^
W0921 17:49:55.907000 560355 site-packages/torch/_dynamo/convert_frame.py:1339]   File "/home/stoneyey/anaconda3/envs/stablenew/lib/python3.11/site-packages/torch/_functorch/aot_autograd.py", line 483, in __call__
W0921 17:49:55.907000 560355 site-packages/torch/_dynamo/convert_frame.py:1339]     return self.compiler_fn(gm, example_inputs)
W0921 17:49:55.907000 560355 site-packages/torch/_dynamo/convert_frame.py:1339]            ^^^^^^^^^^^^^^^^^^^^^^^^^^^^^^^^^^^^
W0921 17:49:55.907000 560355 site-packages/torch/_dynamo/convert_frame.py:1339]   File "/home/stoneyey/anaconda3/envs/stablenew/lib/python3.11/site-packages/torch/_inductor/compile_fx.py", line 2250, in fw_compiler_base
W0921 17:49:55.907000 560355 site-packages/torch/_dynamo/convert_frame.py:1339]     return inner_compile(
W0921 17:49:55.907000 560355 site-packages/torch/_dynamo/convert_frame.py:1339]            ^^^^^^^^^^^^^^
W0921 17:49:55.907000 560355 site-packages/torch/_dynamo/convert_frame.py:1339]   File "/home/stoneyey/anaconda3/envs/stablenew/lib/python3.11/contextlib.py", line 81, in inner
W0921 17:49:55.907000 560355 site-packages/torch/_dynamo/convert_frame.py:1339]     return func(*args, **kwds)
W0921 17:49:55.907000 560355 site-packages/torch/_dynamo/convert_frame.py:1339]            ^^^^^^^^^^^^^^^^^^^
W0921 17:49:55.907000 560355 site-packages/torch/_dynamo/convert_frame.py:1339]   File "/home/stoneyey/anaconda3/envs/stablenew/lib/python3.11/site-packages/torch/_inductor/compile_fx.py", line 745, in compile_fx_inner
W0921 17:49:55.907000 560355 site-packages/torch/_dynamo/convert_frame.py:1339]     return wrap_compiler_debug(_compile_fx_inner, compiler_name="inductor")(
W0921 17:49:55.907000 560355 site-packages/torch/_dynamo/convert_frame.py:1339]            ^^^^^^^^^^^^^^^^^^^^^^^^^^^^^^^^^^^^^^^^^^^^^^^^^^^^^^^^^^^^^^^^^
W0921 17:49:55.907000 560355 site-packages/torch/_dynamo/convert_frame.py:1339]   File "/home/stoneyey/anaconda3/envs/stablenew/lib/python3.11/site-packages/torch/_dynamo/repro/after_aot.py", line 124, in debug_wrapper
W0921 17:49:55.907000 560355 site-packages/torch/_dynamo/convert_frame.py:1339]     inner_compiled_fn = compiler_fn(gm, example_inputs)
W0921 17:49:55.907000 560355 site-packages/torch/_dynamo/convert_frame.py:1339]                         ^^^^^^^^^^^^^^^^^^^^^^^^^^^^^^^
W0921 17:49:55.907000 560355 site-packages/torch/_dynamo/convert_frame.py:1339]   File "/home/stoneyey/anaconda3/envs/stablenew/lib/python3.11/site-packages/torch/_inductor/compile_fx.py", line 860, in _compile_fx_inner
W0921 17:49:55.907000 560355 site-packages/torch/_dynamo/convert_frame.py:1339]     (key_info, cache_info) = FxGraphCache.prepare_key(
W0921 17:49:55.907000 560355 site-packages/torch/_dynamo/convert_frame.py:1339]                              ^^^^^^^^^^^^^^^^^^^^^^^^^
W0921 17:49:55.907000 560355 site-packages/torch/_dynamo/convert_frame.py:1339]   File "/home/stoneyey/anaconda3/envs/stablenew/lib/python3.11/site-packages/torch/_inductor/codecache.py", line 1474, in prepare_key
W0921 17:49:55.907000 560355 site-packages/torch/_dynamo/convert_frame.py:1339]     key, debug_lines = compiled_fx_graph_hash(
W0921 17:49:55.907000 560355 site-packages/torch/_dynamo/convert_frame.py:1339]                        ^^^^^^^^^^^^^^^^^^^^^^^
W0921 17:49:55.907000 560355 site-packages/torch/_dynamo/convert_frame.py:1339]   File "/home/stoneyey/anaconda3/envs/stablenew/lib/python3.11/site-packages/torch/_inductor/codecache.py", line 960, in compiled_fx_graph_hash
W0921 17:49:55.907000 560355 site-packages/torch/_dynamo/convert_frame.py:1339]     details = FxGraphHashDetails(gm, example_inputs, fx_kwargs, inputs_to_check)
W0921 17:49:55.907000 560355 site-packages/torch/_dynamo/convert_frame.py:1339]               ^^^^^^^^^^^^^^^^^^^^^^^^^^^^^^^^^^^^^^^^^^^^^^^^^^^^^^^^^^^^^^^^^^
W0921 17:49:55.907000 560355 site-packages/torch/_dynamo/convert_frame.py:1339]   File "/home/stoneyey/anaconda3/envs/stablenew/lib/python3.11/site-packages/torch/_inductor/codecache.py", line 896, in __init__
W0921 17:49:55.907000 560355 site-packages/torch/_dynamo/convert_frame.py:1339]     self.system_info = CacheBase.get_system()
W0921 17:49:55.907000 560355 site-packages/torch/_dynamo/convert_frame.py:1339]                        ^^^^^^^^^^^^^^^^^^^^^^
W0921 17:49:55.907000 560355 site-packages/torch/_dynamo/convert_frame.py:1339]   File "/home/stoneyey/anaconda3/envs/stablenew/lib/python3.11/site-packages/torch/_inductor/codecache.py", line 205, in get_system
W0921 17:49:55.907000 560355 site-packages/torch/_dynamo/convert_frame.py:1339]     from triton.compiler.compiler import triton_key
W0921 17:49:55.907000 560355 site-packages/torch/_dynamo/convert_frame.py:1339] torch._dynamo.exc.BackendCompilerFailed: backend='inductor' raised:
W0921 17:49:55.907000 560355 site-packages/torch/_dynamo/convert_frame.py:1339] ImportError: cannot import name 'triton_key' from 'triton.compiler.compiler' (/home/stoneyey/anaconda3/envs/stablenew/lib/python3.11/site-packages/triton/compiler/compiler.py)
W0921 17:49:55.907000 560355 site-packages/torch/_dynamo/convert_frame.py:1339] 
W0921 17:49:55.907000 560355 site-packages/torch/_dynamo/convert_frame.py:1339] Set TORCHDYNAMO_VERBOSE=1 for the internal stack trace (please do this especially if you're reporting a bug to PyTorch). For even more developer context, set TORCH_LOGS="+dynamo"
W0921 17:49:55.907000 560355 site-packages/torch/_dynamo/convert_frame.py:1339] 
  10 new runs, 42s  last: pos=10 R=0.10 coh=0.166 clap=nan
  20 new runs, 83s  last: pos=10 R=0.10 coh=0.040 clap=nan
  30 new runs, 124s  last: pos=10 R=0.10 coh=0.159 clap=nan
  40 new runs, 164s  last: pos=10 R=0.09 coh=0.309 clap=nan
  50 new runs, 205s  last: pos=10 R=0.10 coh=0.020 clap=nan
   position   R_at  d_coherence_mlsp  d_coherence_mlsp_lo  d_coherence_mlsp_hi  d_clap  logmel_l1  d_bce0
0        10  0.096            -0.026               -0.045               -0.006     NaN       0.73   0.005
/home/stoneyey/anaconda3/envs/stablenew/lib/python3.11/site-packages/numpy/lib/_function_base_impl.py:3057: RuntimeWarning: Degrees of freedom <= 0 for slice
  c = cov(x, y, rowvar, dtype=dtype)
/home/stoneyey/anaconda3/envs/stablenew/lib/python3.11/site-packages/numpy/lib/_function_base_impl.py:2914: RuntimeWarning: divide by zero encountered in divide
  c *= np.true_divide(1, fact)
/home/stoneyey/anaconda3/envs/stablenew/lib/python3.11/site-packages/numpy/lib/_function_base_impl.py:2914: RuntimeWarning: invalid value encountered in multiply
  c *= np.true_divide(1, fact)
{'argmax_dcoh_pos': 10, 'argmin_dclap_pos': 10, 'corr_R_dcoh': nan, 'corr_dcoh_dclap': nan, 'corr_dcoh_dbce0': nan}
done in 205s
