# job=026_sao_legacy_mlsp exit=0 duration_s=996 host=stone-ye-PC finished=2026-09-21T18:33:03-04:00
# (last 4000 lines; full log: runner/logs/026_sao_legacy_mlsp.full.log on stone-ye-PC)
  MLSP-fixed ....................#.#.#.#.#.#.#.#.#.#.#.#.#.#.#.  K=15
Loading pipeline components...:   0%|          | 0/6 [00:00<?, ?it/s]Loading pipeline components...:  33%|███▎      | 2/6 [00:00<00:00,  8.39it/s]/home/stoneyey/anaconda3/envs/mic/lib/python3.10/site-packages/torch/nn/utils/weight_norm.py:144: FutureWarning: `torch.nn.utils.weight_norm` is deprecated in favor of `torch.nn.utils.parametrizations.weight_norm`.
  WeightNorm.apply(module, name, dim)
Loading pipeline components...:  83%|████████▎ | 5/6 [00:00<00:00, 11.17it/s]
Loading weights:   0%|          | 0/99 [00:00<?, ?it/s][ALoading weights: 100%|██████████| 99/99 [00:00<00:00, 6355.59it/s]
Loading pipeline components...: 100%|██████████| 6/6 [00:00<00:00, 11.90it/s]
Loading weights:   0%|          | 0/447 [00:00<?, ?it/s]Loading weights: 100%|██████████| 447/447 [00:00<00:00, 22473.80it/s]
[evalclip] CLAP loaded: laion/clap-htsat-unfused on cuda:0
split=test trials=225 methods=['mlsp'] -> 225 runs (0 done)
/home/stoneyey/anaconda3/envs/mic/lib/python3.10/site-packages/torchsde/_brownian/brownian_interval.py:608: UserWarning: Should have tb<=t1 but got tb=500.00006103515625 and t1=500.0.
  warnings.warn(f"Should have {tb_name}<=t1 but got {tb_name}={tb} and t1={self._end}.")
/home/stoneyey/anaconda3/envs/mic/lib/python3.10/site-packages/torchsde/_brownian/brownian_interval.py:599: UserWarning: Should have ta>=t0 but got ta=0.29999998211860657 and t0=0.3.
  warnings.warn(f"Should have ta>=t0 but got ta={ta} and t0={self._start}.")
/home/stoneyey/anaconda3/envs/mic/lib/python3.10/site-packages/torchsde/_brownian/brownian_interval.py:599: UserWarning: Should have ta>=t0 but got ta=0.0 and t0=0.3.
  warnings.warn(f"Should have ta>=t0 but got ta={ta} and t0={self._start}.")
/home/stoneyey/anaconda3/envs/mic/lib/python3.10/site-packages/torchsde/_brownian/brownian_interval.py:602: UserWarning: Should have tb>=t0 but got tb=0.29999998211860657 and t0=0.3.
  warnings.warn(f"Should have {tb_name}>=t0 but got {tb_name}={tb} and t0={self._start}.")
/home/stoneyey/anaconda3/envs/mic/lib/python3.10/site-packages/torchsde/_brownian/brownian_interval.py:608: UserWarning: Should have tb<=t1 but got tb=500.00006103515625 and t1=500.0.
  warnings.warn(f"Should have {tb_name}<=t1 but got {tb_name}={tb} and t1={self._end}.")
/home/stoneyey/anaconda3/envs/mic/lib/python3.10/site-packages/torchsde/_brownian/brownian_interval.py:599: UserWarning: Should have ta>=t0 but got ta=0.29999998211860657 and t0=0.3.
  warnings.warn(f"Should have ta>=t0 but got ta={ta} and t0={self._start}.")
/home/stoneyey/anaconda3/envs/mic/lib/python3.10/site-packages/torchsde/_brownian/brownian_interval.py:599: UserWarning: Should have ta>=t0 but got ta=0.0 and t0=0.3.
  warnings.warn(f"Should have ta>=t0 but got ta={ta} and t0={self._start}.")
/home/stoneyey/anaconda3/envs/mic/lib/python3.10/site-packages/torchsde/_brownian/brownian_interval.py:602: UserWarning: Should have tb>=t0 but got tb=0.29999998211860657 and t0=0.3.
  warnings.warn(f"Should have {tb_name}>=t0 but got {tb_name}={tb} and t0={self._start}.")
  20 runs (88s, 4.4s/run)  last: test-p01-descending-s1 mlsp coh=0.255 clap=0.440 upd=15
  40 runs (176s, 4.4s/run)  last: test-p02-pedal-s0 mlsp coh=0.500 clap=0.139 upd=15
  60 runs (263s, 4.4s/run)  last: test-p03-zigzag-s2 mlsp coh=0.255 clap=0.482 upd=15
  80 runs (351s, 4.4s/run)  last: test-p05-descending-s1 mlsp coh=0.189 clap=0.314 upd=15
  100 runs (439s, 4.4s/run)  last: test-p06-pedal-s0 mlsp coh=0.488 clap=0.225 upd=15
  120 runs (526s, 4.4s/run)  last: test-p07-zigzag-s2 mlsp coh=0.253 clap=0.340 upd=15
  140 runs (613s, 4.4s/run)  last: test-p09-descending-s1 mlsp coh=0.178 clap=0.462 upd=15
  160 runs (700s, 4.4s/run)  last: test-p10-pedal-s0 mlsp coh=0.256 clap=0.205 upd=15
  180 runs (787s, 4.4s/run)  last: test-p11-zigzag-s2 mlsp coh=0.283 clap=0.090 upd=15
  200 runs (874s, 4.4s/run)  last: test-p13-descending-s1 mlsp coh=0.148 clap=0.467 upd=15
  220 runs (962s, 4.4s/run)  last: test-p14-pedal-s0 mlsp coh=0.500 clap=0.194 upd=15
  method    n  fad_clap_maestro  fad_clap_sao
0   mlsp  225             0.837           0.0
  method    n  coherence_mlsp  chroma_cos   clap  n_updates  runtime_s  fad_clap_maestro
0   mlsp  225           0.259       0.356  0.311       15.0      3.212             0.837

per-melody coherence:
 melody  alternating  ascending  descending  pedal  zigzag
method                                                   
mlsp          0.309        0.2         0.2  0.391   0.195
done: 225 new runs in 985s
